 X_Asr4Msn

 Timestamp is 576bab77 (Thu Jun 23 11:27:19 2016)

 Preferred load address is 00400000

 Start         Length     Name                   Class
 0001:00000000 00010000H .textbss                DATA
 0002:00000000 000092a8H .text                   CODE
 0003:00000000 00000104H .CRT$XCA                DATA
 0003:00000104 00000104H .CRT$XCAA               DATA
 0003:00000208 00000104H .CRT$XCZ                DATA
 0003:0000030c 00000104H .CRT$XIA                DATA
 0003:00000410 00000104H .CRT$XIAA               DATA
 0003:00000514 00000104H .CRT$XIY                DATA
 0003:00000618 00000104H .CRT$XIZ                DATA
 0003:00000720 0000159aH .rdata                  DATA
 0003:00001cbc 00000184H .rdata$debug            DATA
 0003:00001e40 00000104H .rtc$IAA                DATA
 0003:00001f44 00000104H .rtc$IZZ                DATA
 0003:00002048 00000104H .rtc$TAA                DATA
 0003:0000214c 00000104H .rtc$TZZ                DATA
 0003:00002250 00000169H .xdata$x                DATA
 0003:000023b9 00000000H .edata                  DATA
 0004:00000000 00000156H .data                   DATA
 0004:00000160 0017435cH .bss                    DATA
 0005:00000000 00000028H .idata$2                DATA
 0005:00000028 00000014H .idata$3                DATA
 0005:0000003c 0000014cH .idata$4                DATA
 0005:00000188 0000014cH .idata$5                DATA
 0005:000002d4 000004c3H .idata$6                DATA

  Address         Publics by Value              Rva+Base       Lib:Object

 0000:00000000       ___safe_se_handler_table   00000000     <absolute>
 0000:00000000       __except_list              00000000     <absolute>
 0000:00000000       ___safe_se_handler_count   00000000     <absolute>
 0000:00009876       __ldused                   00009876     <absolute>
 0000:00009876       __fltused                  00009876     <absolute>
 0000:00000000       ___ImageBase               00400000     <linker-defined>
 0001:00000000       __enc$textbss$begin        00401000     <linker-defined>
 0001:00010000       __enc$textbss$end          00411000     <linker-defined>
 0002:000009b0       _Mip_InitMemory            004119b0 f   Mip.obj
 0002:000009e0       _Mip_GlobalExampleFunction 004119e0 f   Mip.obj
 0002:00000ad0       _Mip_MainFunction          00411ad0 f   Mip.obj
 0002:00000af0       _Mip_Init                  00411af0 f   Mip.obj
 0002:00000bc0       _Mip_GetVersionInfo        00411bc0 f   Mip.obj
 0002:00000c40       _Mip_SampleA               00411c40 f   Mip.obj
 0002:00000c60       _Mip_SampleB               00411c60 f   Mip.obj
 0002:00000c80       _Mip_SampleC               00411c80 f   Mip.obj
 0002:00000ca0       _Mip_SampleD               00411ca0 f   Mip.obj
 0002:00000cc0       _Mip_UnInit                00411cc0 f   Mip.obj
 0002:00000ce0       _BteCriticalSection_Init   00411ce0 f   BteCallContext.obj
 0002:00000d30       _BteCriticalSection_Enter  00411d30 f   BteCallContext.obj
 0002:00000d60       _BteCriticalSection_Leave  00411d60 f   BteCallContext.obj
 0002:00000db0       _BteCriticalSection_Get    00411db0 f   BteCallContext.obj
 0002:00000dd0       _BteExclusiveArea_Enter    00411dd0 f   BteCallContext.obj
 0002:00000e00       _BteExclusiveArea_Leave    00411e00 f   BteCallContext.obj
 0002:00000e60       _BteExclusiveArea_Get      00411e60 f   BteCallContext.obj
 0002:00000e80       _BteCallContext_Set        00411e80 f   BteCallContext.obj
 0002:00000ea0       _BteCallContext_Get        00411ea0 f   BteCallContext.obj
 0002:00000ec0       _BteEventCallContextList_Clear 00411ec0 f   BteCallContext.obj
 0002:00000f90       _BteEventCallContextList_Add 00411f90 f   BteCallContext.obj
 0002:00001220       _BteEventCallContextList_WriteReport 00412220 f   BteCallContext.obj
 0002:000014e0       _BteAssert                 004124e0 f   BteCheck.obj
 0002:00001520       _BteAssert_EQ              00412520 f   BteCheck.obj
 0002:000015b0       _BteAssert2_EQ             004125b0 f   BteCheck.obj
 0002:00001690       _BteAssert_NEQ             00412690 f   BteCheck.obj
 0002:00001720       _BteAssert_LE              00412720 f   BteCheck.obj
 0002:000017b0       _BteAssert_GE              004127b0 f   BteCheck.obj
 0002:00001840       _BteAssert_Range           00412840 f   BteCheck.obj
 0002:000018e0       _BteAssert_Tolerance       004128e0 f   BteCheck.obj
 0002:000019b0       _BteOk                     004129b0 f   BteCheck.obj
 0002:00001a30       _BteError                  00412a30 f   BteCheck.obj
 0002:00001ac0       _BteWarning                00412ac0 f   BteCheck.obj
 0002:00001b00       _BteAvailableOk            00412b00 f   BteCheck.obj
 0002:00001b70       _BteAvailableError         00412b70 f   BteCheck.obj
 0002:00001bd0       _BteNotAvailableOk         00412bd0 f   BteCheck.obj
 0002:00001c40       _BteNotAvailableError      00412c40 f   BteCheck.obj
 0002:00001cb0       _BteRangeOk                00412cb0 f   BteCheck.obj
 0002:00001d20       _BteRangeError             00412d20 f   BteCheck.obj
 0002:00001d90       _BteMultipleOk             00412d90 f   BteCheck.obj
 0002:00001e00       _BteMultipleError          00412e00 f   BteCheck.obj
 0002:00001e70       _BteEvent_Init             00412e70 f   BteEvent.obj
 0002:00001f40       _BteEvent_Copy             00412f40 f   BteEvent.obj
 0002:00002010       _BteEventFilter_Clear      00413010 f   BteEvent.obj
 0002:00002090       _BteEventFilter_Set        00413090 f   BteEvent.obj
 0002:000020e0       _BteEventFilter_Apply      004130e0 f   BteEvent.obj
 0002:00002520       _BteEventList_Clear        00413520 f   BteEventList.obj
 0002:00002590       _BteEventList_Add          00413590 f   BteEventList.obj
 0002:00002610       _BteEventList_Get          00413610 f   BteEventList.obj
 0002:00002730       _BteEventList_GetSize      00413730 f   BteEventList.obj
 0002:000027c0       _BteEventList_GetCount     004137c0 f   BteEventList.obj
 0002:00002890       _BteEventList_GetIndex     00413890 f   BteEventList.obj
 0002:00002920       _BteLog_Init               00413920 f   BteLog.obj
 0002:00002970       _BteLog_SetStubName        00413970 f   BteLog.obj
 0002:000029b0       _BteLog_GetStubName        004139b0 f   BteLog.obj
 0002:000029e0       _BteLog_EventMask_EnableAll 004139e0 f   BteLog.obj
 0002:00002a20       _BteLog_EventMask_DisableAll 00413a20 f   BteLog.obj
 0002:00002a60       _BteLog_EventMask_Enable   00413a60 f   BteLog.obj
 0002:00002ab0       _BteLog_EventMask_Disable  00413ab0 f   BteLog.obj
 0002:00002b00       _BteLog_EventListMask_EnableAll 00413b00 f   BteLog.obj
 0002:00002b70       _BteLog_EventListMask_DisableAll 00413b70 f   BteLog.obj
 0002:00002be0       _BteLog_EventListMask_Enable 00413be0 f   BteLog.obj
 0002:00002c70       _BteLog_EventListMask_Disable 00413c70 f   BteLog.obj
 0002:00002d10       _BteLog_EventListMask_Check 00413d10 f   BteLog.obj
 0002:00002d80       _BteLog_EventLogMask_EnableAll 00413d80 f   BteLog.obj
 0002:00002df0       _BteLog_EventLogMask_DisableAll 00413df0 f   BteLog.obj
 0002:00002e60       _BteLog_EventLogMask_Enable 00413e60 f   BteLog.obj
 0002:00002ef0       _BteLog_EventLogMask_Disable 00413ef0 f   BteLog.obj
 0002:00002f90       _BteLog_EventLogMask_Check 00413f90 f   BteLog.obj
 0002:00003000       _BteLog_Event_Init         00414000 f   BteLog.obj
 0002:00003030       _BteLog_Event_InitExt      00414030 f   BteLog.obj
 0002:00003090       _BteLog_Event_Log          00414090 f   BteLog.obj
 0002:00003250       _BteLog_TimerStart         00414250 f   BteLog.obj
 0002:00003280       _BteLog_TimerStop          00414280 f   BteLog.obj
 0002:000032c0       _BteLog_Debug              004142c0 f   BteLog.obj
 0002:00003330       _BteLog_WriteConfigText    00414330 f   BteLog.obj
 0002:000033a0       _BteLog_WriteConfigValue   004143a0 f   BteLog.obj
 0002:00003410       _BteLog_WriteConfigAsrSwitch 00414410 f   BteLog.obj
 0002:000034d0       _BteLog_StdReturnType2String 004144d0 f   BteLog.obj
 0002:00003550       _BteLog_ConfigGroup_Begin  00414550 f   BteLog.obj
 0002:000035c0       _BteLog_ConfigGroup_End    004145c0 f   BteLog.obj
 0002:000035f0       _BteLog_VersionGroup_Begin 004145f0 f   BteLog.obj
 0002:00003660       _BteLog_VersionGroup_End   00414660 f   BteLog.obj
 0002:00003690       _BteLogList_Clear          00414690 f   BteLogList.obj
 0002:000036b0       _BteLogList_AddTestcase    004146b0 f   BteLogList.obj
 0002:00003710       _BteLogList_Add_Event      00414710 f   BteLogList.obj
 0002:00003c60       _BteLogList_WriteToFile    00414c60 f   BteLogList.obj
 0002:00003d10       _BteReport_Open            00414d10 f   BteReport.obj
 0002:00003da0       _BteReport_Close           00414da0 f   BteReport.obj
 0002:00003df0       _BteTraceReport_Open       00414df0 f   BteReport.obj
 0002:00003e80       _BteTraceReport_Close      00414e80 f   BteReport.obj
 0002:00003ec0       _BteReport_Select_TestcaseReport 00414ec0 f   BteReport.obj
 0002:00003ee0       _BteReport_Select_MainReport 00414ee0 f   BteReport.obj
 0002:00003f00       _BteReport_Open_TestcaseReport 00414f00 f   BteReport.obj
 0002:00003f40       _BteReport_Close_TestcaseReport 00414f40 f   BteReport.obj
 0002:00003f80       _BteReport_Copy_Testcase2Main 00414f80 f   BteReport.obj
 0002:00004000       _BteReport_Write           00415000 f   BteReport.obj
 0002:00004040       _BteReport_WriteInfo       00415040 f   BteReport.obj
 0002:00004070       _BteReport_WriteSect       00415070 f   BteReport.obj
 0002:000040a0       _BteReport_WriteElement    004150a0 f   BteReport.obj
 0002:00004110       _BteReport_WriteVersion    00415110 f   BteReport.obj
 0002:00004190       _BteTraceReport_WriteElement 00415190 f   BteReport.obj
 0002:00004360       _BteTraceReport_Write      00415360 f   BteReport.obj
 0002:000043a0       _BteTestReport_Init        004153a0 f   BteTestHandler.obj
 0002:000043d0       _BteTest_Begin             004153d0 f   BteTestHandler.obj
 0002:00004450       _BteTest_End               00415450 f   BteTestHandler.obj
 0002:000044a0       _BteTest_GetResult         004154a0 f   BteTestHandler.obj
 0002:000044c0       _BteTestGroup_Init         004154c0 f   BteTestHandler.obj
 0002:000044e0       _BteTestGroup_Begin        004154e0 f   BteTestHandler.obj
 0002:000045c0       _BteTestGroup_End          004155c0 f   BteTestHandler.obj
 0002:00004610       _BteTestSequence_Init      00415610 f   BteTestHandler.obj
 0002:00004630       _BteTestSequence_BeginID   00415630 f   BteTestHandler.obj
 0002:000046a0       _BteTestSequence_Begin     004156a0 f   BteTestHandler.obj
 0002:000048b0       _BteTestSequence_End       004158b0 f   BteTestHandler.obj
 0002:00004960       _BteTestRun_Init           00415960 f   BteTestHandler.obj
 0002:00004980       _BteTestRun_Begin          00415980 f   BteTestHandler.obj
 0002:00004a60       _BteTestRun_End            00415a60 f   BteTestHandler.obj
 0002:00004a90       _BteTestRun_Error          00415a90 f   BteTestHandler.obj
 0002:00004ac0       _BteTestRun_Warning        00415ac0 f   BteTestHandler.obj
 0002:00004af0       _BteTestRun_NA             00415af0 f   BteTestHandler.obj
 0002:00004bd0       _BteTCASE_Begin            00415bd0 f   BteTestHandler.obj
 0002:00004c70       _BteTCASE_End              00415c70 f   BteTestHandler.obj
 0002:00004ce0       _BteTestCase_GetTime       00415ce0 f   BteTestHandler.obj
 0002:00004d00       _BteTestCase_SetData       00415d00 f   BteTestHandler.obj
 0002:00004e00       _BteTestCase_SetTestCaseID 00415e00 f   BteTestHandler.obj
 0002:00004e20       _BteTestCase_SetState      00415e20 f   BteTestHandler.obj
 0002:00005050       _BteWait                   00416050 f   BteTestHandler.obj
 0002:000050a0       _BteWaitTriggerWithTimeout 004160a0 f   BteTestHandler.obj
 0002:00005130       _BteWaitTrigger            00416130 f   BteTestHandler.obj
 0002:00005160       _BteGetTriggerTime         00416160 f   BteTestHandler.obj
 0002:000051a0       _ApplBteLog_Trigger        004161a0 f   BteTestHandler.obj
 0002:00005460       _BteTestHandler_BackgroundTest_Clear 00416460 f   BteTestHandler.obj
 0002:00005500       _BteTestHandler_BackgroundTest_Init 00416500 f   BteTestHandler.obj
 0002:000055a0       _BteTestHandler_BackgroundTest_Set 004165a0 f   BteTestHandler.obj
 0002:00005640       _BteTestHandler_BackgroundTest_Log 00416640 f   BteTestHandler.obj
 0002:000057d0       _BteTimer_Init             004167d0 f   BteTiming.obj
 0002:00005860       _BteTimer_Start            00416860 f   BteTiming.obj
 0002:000058b0       _BteTimer_Stop             004168b0 f   BteTiming.obj
 0002:00005970       _BteEventTimingList_Clear  00416970 f   BteTiming.obj
 0002:00005a30       _BteEventTimingList_Add    00416a30 f   BteTiming.obj
 0002:00005be0       _BteEventTimingList_WriteReport 00416be0 f   BteTiming.obj
 0002:00005db0       _TscAppl_Init              00416db0 f   TscAppl.obj
 0002:00005de0       _TscAppl_Cyclic1ms         00416de0 f   TscAppl.obj
 0002:00005e30       _TscAppl_Mip_InitMemory    00416e30 f   TscAppl.obj
 0002:00005f00       _TscAppl_Mip_Init          00416f00 f   TscAppl.obj
 0002:00005fe0       _TscAppl_Mip_MainFunction  00416fe0 f   TscAppl.obj
 0002:000060a0       _TscAppl_Mip_GetVersionInfo 004170a0 f   TscAppl.obj
 0002:00006170       _TscDem_Init               00417170 f   TscDem.obj
 0002:000061b0       _TscDem_Cyclic1ms          004171b0 f   TscDem.obj
 0002:000061d0       _Dem_ReportErrorStatus     004171d0 f   TscDem.obj
 0002:000062b0       _TscDet_Init               004172b0 f   TscDet.obj
 0002:000062f0       _TscDet_Cyclic1ms          004172f0 f   TscDet.obj
 0002:00006310       _Det_ReportError           00417310 f   TscDet.obj
 0002:00006480       _TscDet_SetDetAsError      00417480 f   TscDet.obj
 0002:000064a0       _TscEcuM_Init              004174a0 f   TscEcuM.obj
 0002:000064e0       _TscEcuM_Cyclic1ms         004174e0 f   TscEcuM.obj
 0002:00006500       _TscEcuM_SetRval_EcuM_GetState 00417500 f   TscEcuM.obj
 0002:00006520       _EcuM_GeneratorCompatibilityError 00417520 f   TscEcuM.obj
 0002:000065f0       _TscMip_Init               004175f0 f   TscMip.obj
 0002:00006630       _TscMip_Cyclic1ms          00417630 f   TscMip.obj
 0002:00006650       _TscMip_SampleA            00417650 f   TscMip.obj
 0002:000067e0       _TscMip_SampleB            004177e0 f   TscMip.obj
 0002:000068f0       _TscMip_SampleC            004178f0 f   TscMip.obj
 0002:00006a10       _TscMip_SampleD            00417a10 f   TscMip.obj
 0002:00006b30       _TscMip_GetVersionInfo     00417b30 f   TscMip.obj
 0002:00006c10       _TscMip_Mip_Init           00417c10 f   TscMip.obj
 0002:00006d00       _TscMip_InitMemory         00417d00 f   TscMip.obj
 0002:00006de0       _TscMip_MainFunction       00417de0 f   TscMip.obj
 0002:00006ec0       _TscMip_UnInit             00417ec0 f   TscMip.obj
 0002:00006fa0       _TscSchM_Init              00417fa0 f   TscSchM.obj
 0002:00006fe0       _TscSchM_Cyclic1ms         00417fe0 f   TscSchM.obj
 0002:00007000       _SchM_Enter_Mip            00418000 f   TscSchM.obj
 0002:00007030       _SchM_Exit_Mip             00418030 f   TscSchM.obj
 0002:00007060       _main                      00418060 f   TscTest.obj
 0002:00007090       _ApplBteTestCase_Init      00418090 f   TscTest.obj
 0002:000070e0       _ApplBteTestCase_Cyclic1ms 004180e0 f   TscTest.obj
 0002:00007120       _TC_Info_EmbeddedVersion   00418120 f   TscTest.obj
 0002:000072d0       _TC_Info_EmbeddedConfiguration 004182d0 f   TscTest.obj
 0002:00007410       _TC_Samir                  00418410 f   TscTest.obj
 0002:00007594       _GetLocalTime@4            00418594 f   kernel32:KERNEL32.dll
 0002:0000759a       _QueryPerformanceFrequency@4 0041859a f   kernel32:KERNEL32.dll
 0002:000075a0       _QueryPerformanceCounter@4 004185a0 f   kernel32:KERNEL32.dll
 0002:000075a6       _sprintf                   004185a6 f   MSVCRTD:MSVCR100D.dll
 0002:000075b0       @__security_check_cookie@4 004185b0 f   MSVCRTD:secchk.obj
 0002:000075c2       _fclose                    004185c2 f   MSVCRTD:MSVCR100D.dll
 0002:000075c8       _fwrite                    004185c8 f   MSVCRTD:MSVCR100D.dll
 0002:000075ce       _fopen                     004185ce f   MSVCRTD:MSVCR100D.dll
 0002:000075d4       _strlen                    004185d4 f   MSVCRTD:MSVCR100D.dll
 0002:000075da       _fprintf                   004185da f   MSVCRTD:MSVCR100D.dll
 0002:000075e0       _fscanf                    004185e0 f   MSVCRTD:MSVCR100D.dll
 0002:000075e6       _printf                    004185e6 f   MSVCRTD:MSVCR100D.dll
 0002:000075ec       _getenv                    004185ec f   MSVCRTD:MSVCR100D.dll
 0002:00007720       _mainCRTStartup            00418720 f   MSVCRTD:crtexe.obj
 0002:00007a40       _NtCurrentTeb              00418a40 f i MSVCRTD:crtexe.obj
 0002:00007ae0       ___report_gsfailure        00418ae0 f   MSVCRTD:gs_report.obj
 0002:00007c40       ?__CxxUnhandledExceptionFilter@@YGJPAU_EXCEPTION_POINTERS@@@Z 00418c40 f   MSVCRTD:unhandld.obj
 0002:00007cc0       ___CxxSetUnhandledExceptionFilter 00418cc0 f   MSVCRTD:unhandld.obj
 0002:00007cda       __configthreadlocale       00418cda f   MSVCRTD:MSVCR100D.dll
 0002:00007ce0       __setdefaultprecision      00418ce0 f   MSVCRTD:fp8.obj
 0002:00007d30       __invoke_watson_if_error   00418d30 f i MSVCRTD:fp8.obj
 0002:00007d62       ___setusermatherr          00418d62 f   MSVCRTD:MSVCR100D.dll
 0002:00007d70       __matherr                  00418d70 f   MSVCRTD:merr.obj
 0002:00007d80       __setargv                  00418d80 f   MSVCRTD:dllargv.obj
 0002:00007d90       __RTC_Initialize           00418d90 f   MSVCRTD:_initsect_.obj
 0002:00007dc0       __RTC_Terminate            00418dc0 f   MSVCRTD:_initsect_.obj
 0002:00007df0       __onexit                   00418df0 f   MSVCRTD:atonexit.obj
 0002:00007f20       _atexit                    00418f20 f   MSVCRTD:atonexit.obj
 0002:00007f44       ___set_app_type            00418f44 f   MSVCRTD:MSVCR100D.dll
 0002:00007f4a       __amsg_exit                00418f4a f   MSVCRTD:MSVCR100D.dll
 0002:00007f50       ___getmainargs             00418f50 f   MSVCRTD:MSVCR100D.dll
 0002:00007f60       ___security_init_cookie    00418f60 f   MSVCRTD:gs_support.obj
 0002:00008078       __exit                     00419078 f   MSVCRTD:MSVCR100D.dll
 0002:0000807e       __XcptFilter               0041907e f   MSVCRTD:MSVCR100D.dll
 0002:00008084       __cexit                    00419084 f   MSVCRTD:MSVCR100D.dll
 0002:0000808a       _exit                      0041908a f   MSVCRTD:MSVCR100D.dll
 0002:00008090       __CrtSetCheckCount         00419090 f   MSVCRTD:MSVCR100D.dll
 0002:000080a0       __ValidateImageBase        004190a0 f   MSVCRTD:pesect.obj
 0002:00008120       __FindPESection            00419120 f   MSVCRTD:pesect.obj
 0002:000081c0       __IsNonwritableInCurrentImage 004191c0 f   MSVCRTD:pesect.obj
 0002:00008316       __CrtDbgReportW            00419316 f   MSVCRTD:MSVCR100D.dll
 0002:0000831c       __initterm                 0041931c f   MSVCRTD:MSVCR100D.dll
 0002:00008322       __initterm_e               00419322 f   MSVCRTD:MSVCR100D.dll
 0002:00008330       __except_handler4          00419330 f   MSVCRTD:chandler4gs.obj
 0002:00008364       __crt_debugger_hook        00419364 f   MSVCRTD:MSVCR100D.dll
 0002:0000836a       ?terminate@@YAXXZ          0041936a f   MSVCRTD:MSVCR100D.dll
 0002:00008370       __controlfp_s              00419370 f   MSVCRTD:MSVCR100D.dll
 0002:00008376       __invoke_watson            00419376 f   MSVCRTD:MSVCR100D.dll
 0002:0000837c       __unlock                   0041937c f   MSVCRTD:MSVCR100D.dll
 0002:00008382       ___dllonexit               00419382 f   MSVCRTD:MSVCR100D.dll
 0002:00008388       __lock                     00419388 f   MSVCRTD:MSVCR100D.dll
 0002:0000838e       __except_handler4_common   0041938e f   MSVCRTD:MSVCR100D.dll
 0002:00008394       _EncodePointer@4           00419394 f   kernel32:KERNEL32.dll
 0002:0000839a       _InterlockedExchange@8     0041939a f   kernel32:KERNEL32.dll
 0002:000083a0       _Sleep@4                   004193a0 f   kernel32:KERNEL32.dll
 0002:000083a6       _InterlockedCompareExchange@12 004193a6 f   kernel32:KERNEL32.dll
 0002:000083ac       _HeapSetInformation@16     004193ac f   kernel32:KERNEL32.dll
 0002:000083b2       _TerminateProcess@8        004193b2 f   kernel32:KERNEL32.dll
 0002:000083b8       _GetCurrentProcess@0       004193b8 f   kernel32:KERNEL32.dll
 0002:000083be       _UnhandledExceptionFilter@4 004193be f   kernel32:KERNEL32.dll
 0002:000083c4       _SetUnhandledExceptionFilter@4 004193c4 f   kernel32:KERNEL32.dll
 0002:000083ca       _IsDebuggerPresent@0       004193ca f   kernel32:KERNEL32.dll
 0002:000083d0       _DecodePointer@4           004193d0 f   kernel32:KERNEL32.dll
 0002:000083d6       _GetTickCount@0            004193d6 f   kernel32:KERNEL32.dll
 0002:000083dc       _GetCurrentThreadId@0      004193dc f   kernel32:KERNEL32.dll
 0002:000083e2       _GetCurrentProcessId@0     004193e2 f   kernel32:KERNEL32.dll
 0002:000083e8       _GetSystemTimeAsFileTime@4 004193e8 f   kernel32:KERNEL32.dll
 0003:00000000       ___xc_a                    0041b000     MSVCRTD:cinitexe.obj
 0003:00000208       ___xc_z                    0041b208     MSVCRTD:cinitexe.obj
 0003:0000030c       ___xi_a                    0041b30c     MSVCRTD:cinitexe.obj
 0003:00000618       ___xi_z                    0041b618     MSVCRTD:cinitexe.obj
 0003:0000073c       ??_C@_0DG@CBDNCCKM@Critical?5section?5is?5left?5althoug@ 0041b73c     BteCallContext.obj
 0003:0000077c       ??_C@_0DE@KOKJLLMJ@Exclusive?5Area?5is?5left?5although?5@ 0041b77c     BteCallContext.obj
 0003:000007bc       ??_C@_03JMFMNIFM@?9?9?9?$AA@ 0041b7bc     BteCallContext.obj
 0003:000007c0       ??_C@_0M@PKCIEIL@?$DM?1testcase?$DO?$AA@ 0041b7c0     BteCallContext.obj
 0003:000007d0       ??_C@_0BE@KDONNNAN@?$DMresult?$DOok?$DM?1result?$DO?$AA@ 0041b7d0     BteCallContext.obj
 0003:000007e8       ??_C@_0BH@GFJDGOF@?$DM?1FunctionCallContext?$DO?$AA@ 0041b7e8     BteCallContext.obj
 0003:00000808       ??_C@_0HN@KFDNKFEO@?$DMfunction?5name?$DN?$CC?$CFs?$CC?5type?$DN?$CC?$CFd?$CC?5co@ 0041b808     BteCallContext.obj
 0003:000008a0       ??_C@_02DKCKIIND@?$CFs?$AA@ 0041b8a0     BteCallContext.obj
 0003:000008a4       ??_C@_0L@DJANMIEF@notEA?$CFd?5?$CFs?$AA@ 0041b8a4     BteCallContext.obj
 0003:000008b4       ??_C@_07LIKJNGNK@EA?$CFd?5?$CFs?$AA@ 0041b8b4     BteCallContext.obj
 0003:000008c0       ??_C@_0BG@EPCNCMCB@?$DMFunctionCallContext?$DO?$AA@ 0041b8c0     BteCallContext.obj
 0003:000008da       ??_C@_00CNPNBAHC@?$AA@     0041b8da     BteCallContext.obj
 0003:000008dc       ??_C@_0BL@LALOGOHD@?$DMtestcase?5id?$DN?$CC?$CFs?$CC?5name?$DN?$CC?$CC?$DO?$AA@ 0041b8dc     BteCallContext.obj
 0003:000008fc       ??_C@_0N@KFJMLPDE@?$CFs?3?5?$CFd?5?$DN?$DN?5?$CFd?$AA@ 0041b8fc     BteCheck.obj
 0003:0000090c       ??_C@_0BB@MPPOMNLH@?$CFs?3?50x?$CFx?5?$DN?$DN?50x?$CFx?$AA@ 0041b90c     BteCheck.obj
 0003:00000920       ??_C@_0N@NBIIHNNE@?$CFs?3?5?$CFd?5?$CB?$DN?5?$CFd?$AA@ 0041b920     BteCheck.obj
 0003:00000930       ??_C@_0N@KMEAMKFO@?$CFs?3?5?$CFd?5LE?5?$CFd?$AA@ 0041b930     BteCheck.obj
 0003:00000940       ??_C@_0N@MGIHDKJN@?$CFs?3?5?$CFd?5GE?5?$CFd?$AA@ 0041b940     BteCheck.obj
 0003:00000950       ??_C@_0BD@GGEGMEOA@?$CFs?3?5?$CFd?5LE?5?$CFd?5LE?5?$CFd?$AA@ 0041b950     BteCheck.obj
 0003:00000968       ??_C@_0BJ@HJJCMIHJ@?$CFs?3?5?$CFd?5?$DN?$DN?5?$CFd?5?$CL?9?$CFdpercent?$AA@ 0041b968     BteCheck.obj
 0003:00000988       ??_C@_0CD@FKOFFLPN@?5note?5right?5of?5Appl?5?$CDlime?3?5Ok?3?5?$CF@ 0041b988     BteCheck.obj
 0003:000009b4       ??_C@_02MFDMBIJM@ok?$AA@   0041b9b4     BteCheck.obj
 0003:000009b8       ??_C@_04CCHLMOGN@fail?$AA@ 0041b9b8     BteCheck.obj
 0003:000009c0       ??_C@_0CD@EBPBNILF@?5note?5right?5of?5Appl?5?$CDred?3?5Fail?3?5@ 0041b9c0     BteCheck.obj
 0003:000009ec       ??_C@_04FNLOFOEM@warn?$AA@ 0041b9ec     BteCheck.obj
 0003:000009f4       ??_C@_0BO@LCIEBJPL@?$CFs?5is?5available?5?$CIas?5expected?$CJ?$AA@ 0041b9f4     BteCheck.obj
 0003:00000a18       ??_C@_0CD@PKHHNMMK@?$CFs?5is?5not?5available?5?$CIbut?5expecte@ 0041ba18     BteCheck.obj
 0003:00000a44       ??_C@_0CC@MLPFFEOO@?$CFs?5is?5not?5available?5?$CIas?5expected@ 0041ba44     BteCheck.obj
 0003:00000a6c       ??_C@_0CD@DEGHFIPJ@?$CFs?5is?5available?5?$CIbut?5not?5expecte@ 0041ba6c     BteCheck.obj
 0003:00000a98       ??_C@_0BO@GBIOIKIB@?$CFs?5value?5is?5in?5expected?5range?$AA@ 0041ba98     BteCheck.obj
 0003:00000abc       ??_C@_0CC@PGNPIMJB@?$CFs?5value?5is?5not?5in?5expected?5rang@ 0041babc     BteCheck.obj
 0003:00000ae4       ??_C@_0CB@DGCMMKFA@?$CFs?5value?5is?5not?5multiply?5defined@ 0041bae4     BteCheck.obj
 0003:00000b0c       ??_C@_0BN@LFPDFCFL@?$CFs?5value?5is?5multiply?5defined?$AA@ 0041bb0c     BteCheck.obj
 0003:00000b30       ??_C@_0FF@CPEACHGO@BteEventList?3?5Event?5Overflow?5?9?5I@ 0041bb30     BteEventList.obj
 0003:00000b98       ??_C@_0CF@IPEJKJLD@BteLog?3?5StubId?5exceeds?5defined?5l@ 0041bb98     BteLog.obj
 0003:00000bc4       ??_C@_0CG@GLNGMADB@BteLog?3?5StubId?5exceeds?5defined?5l@ 0041bbc4     BteLog.obj
 0003:00000bf4       ??_C@_03LGLGIONO@cmd?$AA@  0041bbf4     BteLog.obj
 0003:00000bf8       ??_C@_05DNIIFBMG@?$CFs?5?$CFs?$AA@ 0041bbf8     BteLog.obj
 0003:00000c00       ??_C@_0BH@PDMPPCI@?5note?5left?5of?5Appl?3?5?$CFs?$AA@ 0041bc00     BteLog.obj
 0003:00000c1c       ??_C@_0CP@MBACPJPJ@?$DMconfigAttr?5name?$DN?$CC?$CFs?$CC?5value?$DN?$CC?$CFs?$CC@ 0041bc1c     BteLog.obj
 0003:00000c54       ??_C@_0CP@PGMBBMMP@?$DMconfigAttr?5name?$DN?$CC?$CFs?$CC?5value?$DN?$CC?$CFd?$CC@ 0041bc54     BteLog.obj
 0003:00000c8c       ??_C@_0DE@EOAIIEJE@?$DMconfigAttr?5name?$DN?$CC?$CFs?$CC?5value?$DN?$CCunk@ 0041bc8c     BteLog.obj
 0003:00000ccc       ??_C@_0DE@CBFMPOFD@?$DMconfigAttr?5name?$DN?$CC?$CFs?$CC?5value?$DN?$CCSTD@ 0041bccc     BteLog.obj
 0003:00000d0c       ??_C@_0DD@MJDMCIBE@?$DMconfigAttr?5name?$DN?$CC?$CFs?$CC?5value?$DN?$CCSTD@ 0041bd0c     BteLog.obj
 0003:00000d4c       ??_C@_07CIFAGBMG@unknown?$AA@ 0041bd4c     BteLog.obj
 0003:00000d58       ??_C@_08NNHJNACC@E_NOT_OK?$AA@ 0041bd58     BteLog.obj
 0003:00000d64       ??_C@_04FCOLJMBM@E_OK?$AA@ 0041bd64     BteLog.obj
 0003:00000d6c       ??_C@_0BI@FOJIHAMF@?$DMconfigGroup?5name?$DN?$CC?$CFs?$CC?$DO?$AA@ 0041bd6c     BteLog.obj
 0003:00000d88       ??_C@_0P@LCDFAOJM@?$DM?1configGroup?$DO?$AA@ 0041bd88     BteLog.obj
 0003:00000d9c       ??_C@_0BI@HFFIECF@?$DMversionData?5name?$DN?$CC?$CFs?$CC?$DO?$AA@ 0041bd9c     BteLog.obj
 0003:00000db8       ??_C@_0P@NFMKHMJN@?$DM?1versionData?$DO?$AA@ 0041bdb8     BteLog.obj
 0003:00000dcc       ??_C@_02GMLFBBN@wb?$AA@    0041bdcc     BteLogList.obj
 0003:00000dd0       ??_C@_0GD@KNGABJJE@Print?$DLTime?$DLType?$DLName?$DLObject?5File@ 0041bdd0     BteReport.obj
 0003:00000e48       ??_C@_0BA@MOGMANJE@TraceReport?4csv?$AA@ 0041be48     BteReport.obj
 0003:00000e5c       ??_C@_01NOFIACDB@w?$AA@    0041be5c     BteReport.obj
 0003:00000e60       ??_C@_0BE@DNNNIDDH@report_Testcase?4xml?$AA@ 0041be60     BteReport.obj
 0003:00000e78       ??_C@_02HAOIJKIC@?$CFc?$AA@ 0041be78     BteReport.obj
 0003:00000e7c       ??_C@_01KDCPPGHE@r?$AA@    0041be7c     BteReport.obj
 0003:00000e80       ??_C@_03OFAPEBGM@?$CFs?6?$AA@ 0041be80     BteReport.obj
 0003:00000e84       ??_C@_04NIDJFNBE@info?$AA@ 0041be84     BteReport.obj
 0003:00000e8c       ??_C@_04IKJFFMEH@sect?$AA@ 0041be8c     BteReport.obj
 0003:00000e94       ??_C@_0CM@DEGNCDNF@?$DMElement?5type?$DN?$CC?$CFs?$CC?5time?$DN?$CC?$CFd?$CC?$DO?5?$CFs@ 0041be94     BteReport.obj
 0003:00000ec8       ??_C@_0DL@JJEPAAH@?$DMcomponent?5name?$DN?$CC?$CFs?$CC?5version?$DN?$CC?$CF0@ 0041bec8     BteReport.obj
 0003:00000f10       ??_C@_0BB@MNAHDNLL@?$CFs?5?9?$DO?5?$CFs?5?3?5?$CFs?5?$CFs?$AA@ 0041bf10     BteReport.obj
 0003:00000f24       ??_C@_0BH@OCCIGMMP@autonumber?5?$CFd?5?$CC?$DMb?$DOt?$DN0?$CC?$AA@ 0041bf24     BteReport.obj
 0003:00000f40       ??_C@_03HOGNJLIC@DUT?$AA@  0041bf40     BteReport.obj
 0003:00000f44       ??_C@_04KKMIJFHM@Appl?$AA@ 0041bf44     BteReport.obj
 0003:00000f4c       ??_C@_0O@BICCIJGG@BteReport?4xml?$AA@ 0041bf4c     BteTestHandler.obj
 0003:00000f5c       ??_C@_09KNGBNPDD@start?4?4?4?6?$AA@ 0041bf5c     BteTestHandler.obj
 0003:00000f68       ??_C@_08MHLGEMGE@?4?4?4done?6?$AA@ 0041bf68     BteTestHandler.obj
 0003:00000f74       ??_C@_04PFAOODAA@?$CFs?3?5?$AA@ 0041bf74     BteTestHandler.obj
 0003:00000f7c       ??_C@_02KNHHEEKP@?5?5?$AA@ 0041bf7c     BteTestHandler.obj
 0003:00000f80       ??_C@_01EEMJAFIK@?6?$AA@   0041bf80     BteTestHandler.obj
 0003:00000f84       ??_C@_0BG@OFGHAECD@?$DMtestgroup?5name?$DN?$CC?$CFs?$CC?$DO?$AA@ 0041bf84     BteTestHandler.obj
 0003:00000fa0       ??_C@_0N@MFKADKKB@?$DM?1testgroup?$DO?$AA@ 0041bfa0     BteTestHandler.obj
 0003:00000fb0       ??_C@_07ECNGFJHG@TC?3?$CC?$CFu?$CC?$AA@ 0041bfb0     BteTestHandler.obj
 0003:00000fbc       ??_C@_09EONDMNGD@?$DN?$DN?5RUN?5?$DN?$DN?$AA@ 0041bfbc     BteTestHandler.obj
 0003:00000fc8       ??_C@_0L@EJDBLHCN@?$DN?$DN?5INIT?5?$DN?$DN?$AA@ 0041bfc8     BteTestHandler.obj
 0003:00000fd8       ??_C@_0BB@FHCPFIGJ@participant?5SchM?$AA@ 0041bfd8     BteTestHandler.obj
 0003:00000fec       ??_C@_0BB@KMHBAKGI@participant?5EcuM?$AA@ 0041bfec     BteTestHandler.obj
 0003:00001000       ??_C@_0BA@GALEDPJA@participant?5Det?$AA@ 0041c000     BteTestHandler.obj
 0003:00001014       ??_C@_0BA@PLLEJGII@participant?5Dem?$AA@ 0041c014     BteTestHandler.obj
 0003:00001028       ??_C@_0BA@NBFLPOKC@participant?5DUT?$AA@ 0041c028     BteTestHandler.obj
 0003:0000103c       ??_C@_0BB@JBAJIDNB@participant?5Appl?$AA@ 0041c03c     BteTestHandler.obj
 0003:00001050       ??_C@_0N@OPHKGACB@hide?5footbox?$AA@ 0041c050     BteTestHandler.obj
 0003:00001060       ??_C@_08NHHIAADM@title?5?$CFs?$AA@ 0041c060     BteTestHandler.obj
 0003:0000106c       ??_C@_09NBCEHBLB@?$EAstartuml?$AA@ 0041c06c     BteTestHandler.obj
 0003:00001078       ??_C@_0O@NICLGBGH@Trace_?$CFs?4vuml?$AA@ 0041c078     BteTestHandler.obj
 0003:00001088       ??_C@_07OBCEBCOI@?$EAenduml?$AA@ 0041c088     BteTestHandler.obj
 0003:00001094       ??_C@_09MPALIFNK@?$DN?$DN?5END?5?$DN?$DN?$AA@ 0041c094     BteTestHandler.obj
 0003:000010a0       ??_C@_0FG@GMECGMGD@?$DMtestrun?5date?$DN?$CC?$CF04d?9?$CF02d?9?$CF02d?5?$CF0@ 0041c0a0     BteTestHandler.obj
 0003:00001108       ??_C@_08JMMIJEMM@USERNAME?$AA@ 0041c108     BteTestHandler.obj
 0003:00001114       ??_C@_0CI@DBOLNALN@EmbeddedSystem?4ActiveTestData?4Re@ 0041c114     BteTestHandler.obj
 0003:00001144       ??_C@_0L@KMFGGIKE@?$DM?1testrun?$DO?$AA@ 0041c144     BteTestHandler.obj
 0003:00001154       ??_C@_0BG@JMMPDCLD@?$DMNA_Text?$DO?$CFs?$DM?1NA_Text?$DO?$AA@ 0041c154     BteTestHandler.obj
 0003:00001170       ??_C@_05OFPCCEL@?$DMlog?$DO?$AA@ 0041c170     BteTestHandler.obj
 0003:00001178       ??_C@_06MIHAODIF@?$DM?1log?$DO?$AA@ 0041c178     BteTestHandler.obj
 0003:00001180       ??_C@_0BF@JAAODBKE@?$DN?$DN?5TCASE?5?$CFs?5start?5?$DN?$DN?$AA@ 0041c180     BteTestHandler.obj
 0003:0000119c       ??_C@_0BA@JCOJNILB@?$DMTCASE?5id?$DN?$CC?$CFs?$CC?$DO?$AA@ 0041c19c     BteTestHandler.obj
 0003:000011b0       ??_C@_0BA@NBCILCCO@?$DN?$DN?5TCASE?5end?5?$DN?$DN?$AA@ 0041c1b0     BteTestHandler.obj
 0003:000011c4       ??_C@_08CEEMJIOI@?$DM?1TCASE?$DO?$AA@ 0041c1c4     BteTestHandler.obj
 0003:000011d0       ??_C@_01JOAMLHOP@?9?$AA@   0041c1d0     BteTestHandler.obj
 0003:000011d4       ??_C@_01BIAFAFID@F?$AA@    0041c1d4     BteTestHandler.obj
 0003:000011d8       ??_C@_01ELNMCGJD@W?$AA@    0041c1d8     BteTestHandler.obj
 0003:000011dc       ??_C@_01FJMABOPO@x?$AA@    0041c1dc     BteTestHandler.obj
 0003:000011e0       ??_C@_0BA@FDMEPBKP@?9?9?9?5EXECUTE?5?9?9?9?$AA@ 0041c1e0     BteTestHandler.obj
 0003:000011f4       ??_C@_0BA@CLLMEHJI@?9?9?9?5PREPARE?5?9?9?9?$AA@ 0041c1f4     BteTestHandler.obj
 0003:00001208       ??_C@_0BF@DJBBOHJC@?$DMresult?$DON?1A?$DM?1result?$DO?$AA@ 0041c208     BteTestHandler.obj
 0003:00001224       ??_C@_0BG@DAIODCII@?$DMresult?$DOwarn?$DM?1result?$DO?$AA@ 0041c224     BteTestHandler.obj
 0003:00001240       ??_C@_0BG@OONFBPKB@?$DMresult?$DOfail?$DM?1result?$DO?$AA@ 0041c240     BteTestHandler.obj
 0003:0000125c       ??_C@_0BB@JNNFBMOC@id?5multiply?5used?$AA@ 0041c25c     BteTestHandler.obj
 0003:00001270       ??_C@_0P@BGKHIMNK@id?5not?5defined?$AA@ 0041c270     BteTestHandler.obj
 0003:00001284       ??_C@_0BP@PJDDEPED@Test?5condition?5failed?5?$CFd?5times?$AA@ 0041c284     BteTestHandler.obj
 0003:000012ac       ??_C@_0CA@BEACEBLJ@Test?5condition?5checked?5?$CFd?5times?$AA@ 0041c2ac     BteTestHandler.obj
 0003:000012d8       __real@0000000000000000    0041c2d8     BteTiming.obj
 0003:000012e4       ??_C@_0BD@DJFAIMKP@?$DM?1FunctionRuntime?$DO?$AA@ 0041c2e4     BteTiming.obj
 0003:00001300       ??_C@_0FD@IFEFPFAM@?$DMfunction?5name?$DN?$CC?$CFs?$CC?5min?$DN?$CC?$CFd?$CC?5max@ 0041c300     BteTiming.obj
 0003:00001364       ??_C@_0BC@JFGJFGIO@?$DMFunctionRuntime?$DO?$AA@ 0041c364     BteTiming.obj
 0003:0000137c       ??_C@_02HCKGKOFO@?$CI?$CJ?$AA@ 0041c37c     TscAppl.obj
 0003:00001380       ??_C@_0P@KEDCCHLN@Mip_InitMemory?$AA@ 0041c380     TscAppl.obj
 0003:00001394       ??_C@_08GKHACIMN@Mip_Init?$AA@ 0041c394     TscAppl.obj
 0003:000013a0       ??_C@_0BB@KJKIDIHB@Mip_MainFunction?$AA@ 0041c3a0     TscAppl.obj
 0003:000013b4       ??_C@_0BD@CIAEIEEB@Mip_GetVersionInfo?$AA@ 0041c3b4     TscAppl.obj
 0003:000013cc       ??_C@_03FEICPDKI@Dem?$AA@  0041c3cc     TscDem.obj
 0003:000013d0       ??_C@_0BN@BGKFCCML@?$CIEventId?$DN?$CFd?0?5EventStatus?$DN?$CFd?$CJ?$AA@ 0041c3d0     TscDem.obj
 0003:000013f4       ??_C@_0BG@KKPNMG@Dem_ReportErrorStatus?$AA@ 0041c3f4     TscDem.obj
 0003:00001410       ??_C@_03MPICFKLA@Det?$AA@  0041c410     TscDet.obj
 0003:00001414       ??_C@_09ECMDGFLF@DET?5Error?$AA@ 0041c414     TscDet.obj
 0003:00001420       ??_C@_0DD@LHIACOPA@?$CIModuleId?$DN?$CFd?0?5InstanceId?$DN?$CFd?0?5Api@ 0041c420     TscDet.obj
 0003:00001460       ??_C@_0BA@HELKKLHK@Det_ReportError?$AA@ 0041c460     TscDet.obj
 0003:00001474       ??_C@_04JHLABMMF@EcuM?$AA@ 0041c474     TscEcuM.obj
 0003:0000147c       ??_C@_0BG@CBEGAAEL@?$CImodule?$DN?$CFd?0?5error?$DN?$CFd?$CJ?$AA@ 0041c47c     TscEcuM.obj
 0003:00001498       ??_C@_0CB@NILAPMDN@EcuM_GeneratorCompatibilityError@ 0041c498     TscEcuM.obj
 0003:000014c0       ??_C@_03NPPMCJFK@Mip?$AA@  0041c4c0     TscMip.obj
 0003:000014c4       ??_C@_0M@DHIDFMAH@Mip_SampleA?$AA@ 0041c4c4     TscMip.obj
 0003:000014d4       ??_C@_0M@FPMPBPIG@?$CIhandle?$DN?$CFd?$CJ?$AA@ 0041c4d4     TscMip.obj
 0003:000014e4       ??_C@_0M@BMKOAPME@Mip_SampleB?$AA@ 0041c4e4     TscMip.obj
 0003:000014f4       ??_C@_0BG@OEOBKLGB@?$CIhandle?$DN?$CFd?0?5value?$DN?$CFd?$CJ?$AA@ 0041c4f4     TscMip.obj
 0003:00001510       ??_C@_0M@FLFDOIF@Mip_SampleC?$AA@ 0041c510     TscMip.obj
 0003:00001520       ??_C@_0BE@NLPMLKI@?$CIhandle?$DN?$CFd?0?5ptr?$DN?$CFd?$CJ?$AA@ 0041c520     TscMip.obj
 0003:00001538       ??_C@_0M@EKPEKIEC@Mip_SampleD?$AA@ 0041c538     TscMip.obj
 0003:00001548       ??_C@_0BB@FHILKLLP@?$CIversioninfo?$DN?$CFd?$CJ?$AA@ 0041c548     TscMip.obj
 0003:0000155c       ??_C@_0P@NJOHIHOC@?$CIConfigPtr?$DN?$CFd?$CJ?$AA@ 0041c55c     TscMip.obj
 0003:00001570       ??_C@_0L@BJKPEJJB@Mip_UnInit?$AA@ 0041c570     TscMip.obj
 0003:0000157d       _MIP_EXCLUSIVE_AREA_0      0041c57d     TscSchM.obj
 0003:0000157e       _MIP_EXCLUSIVE_AREA_1      0041c57e     TscSchM.obj
 0003:00001580       ??_C@_04GMOOEOME@SchM?$AA@ 0041c580     TscSchM.obj
 0003:00001588       ??_C@_0BA@FPOJENPB@No?5beta?5version?$AA@ 0041c588     TscTest.obj
 0003:0000159c       ??_C@_0BD@KHJMHKJO@?$DM?1EmbeddedVersion?$DO?$AA@ 0041c59c     TscTest.obj
 0003:000015b4       ??_C@_07MENOGOCJ@TscTest?$AA@ 0041c5b4     TscTest.obj
 0003:000015c0       ??_C@_07ENGCCMMO@TscSchM?$AA@ 0041c5c0     TscTest.obj
 0003:000015cc       ??_C@_07LGDMHOMP@TscEcuM?$AA@ 0041c5cc     TscTest.obj
 0003:000015d8       ??_C@_06PHBEOFIE@TscDet?$AA@ 0041c5d8     TscTest.obj
 0003:000015e0       ??_C@_06GMBEEMJM@TscDem?$AA@ 0041c5e0     TscTest.obj
 0003:000015e8       ??_C@_0BB@HPELNHML@Test?5Environment?$AA@ 0041c5e8     TscTest.obj
 0003:000015fc       ??_C@_09IGNNOGKI@Test?5Data?$AA@ 0041c5fc     TscTest.obj
 0003:00001608       ??_C@_0M@PKFEKGBK@Test?5Object?$AA@ 0041c608     TscTest.obj
 0003:00001618       ??_C@_0DI@POIKJJNJ@?$DMEmbeddedVersion?5name?$DN?$CCVersion?5o@ 0041c618     TscTest.obj
 0003:00001660       ??_C@_0GL@CGEHCJEO@Check?5if?5the?5version?5info?5ROM?5co@ 0041c660     TscTest.obj
 0003:000016e0       ??_C@_0CE@KOHKIFJG@?$FLTC?3Standard_Embedded?4CheckVersi@ 0041c6e0     TscTest.obj
 0003:0000170c       ??_C@_0BE@MMGJECMN@Version?5Information?$AA@ 0041c70c     TscTest.obj
 0003:00001724       ??_C@_0BC@MCKKFELA@?$DM?1EmbeddedConfig?$DO?$AA@ 0041c724     TscTest.obj
 0003:0000173c       ??_C@_0P@EJHHFFBO@ISSM_CRC_CHECK?$AA@ 0041c73c     TscTest.obj
 0003:00001750       ??_C@_0BG@PPDIJAGF@ISSM_DEV_ERROR_DETECT?$AA@ 0041c750     TscTest.obj
 0003:0000176c       ??_C@_07KJCHFION@STD_OFF?$AA@ 0041c76c     TscTest.obj
 0003:00001778       ??_C@_0M@JAIBKFJD@PreCompiler?$AA@ 0041c778     TscTest.obj
 0003:00001788       ??_C@_0CO@NHPCNHA@?$DMEmbeddedConfig?5name?$DN?$CCConfigurat@ 0041c788     TscTest.obj
 0003:000017c0       ??_C@_0HO@JGPNIENK@Check?5if?5the?5feature?5switches?5ar@ 0041c7c0     TscTest.obj
 0003:00001858       ??_C@_0CK@GANEFHMC@?$FLTC?3Standard_Embedded?4CheckConfi@ 0041c858     TscTest.obj
 0003:0000188c       ??_C@_0BL@KIHKGLKI@Valid?5Configuration?5Values?$AA@ 0041c88c     TscTest.obj
 0003:000018ac       ??_C@_07IGMDIMEE@My?5Text?$AA@ 0041c8ac     TscTest.obj
 0003:000018b8       ??_C@_07BCIGLFFM@MyError?$AA@ 0041c8b8     TscTest.obj
 0003:000018c4       ??_C@_0L@NBCDPGH@Ok?5message?$AA@ 0041c8c4     TscTest.obj
 0003:000018d4       ??_C@_0N@JDMOFHDP@DebugMessage?$AA@ 0041c8d4     TscTest.obj
 0003:000018e4       ??_C@_08DCCHEKFN@test?4bin?$AA@ 0041c8e4     TscTest.obj
 0003:000018f0       ??_C@_03LABEMFEH@API?$AA@  0041c8f0     TscTest.obj
 0003:000018f4       ??_C@_07ECEMPDJM@General?$AA@ 0041c8f4     TscTest.obj
 0003:00001900       ??_C@_0L@KHOPIMBL@Variant?5?$CFd?$AA@ 0041c900     TscTest.obj
 0003:00001910       ??_C@_1GA@EHAKPACL@?$AAf?$AA?3?$AA?2?$AAd?$AAd?$AA?2?$AAv?$AAc?$AAt?$AAo?$AAo?$AAl?$AAs?$AA?2?$AAc?$AAr?$AAt?$AA_?$AAb?$AAl?$AAd?$AA?2?$AAs?$AAe?$AAl?$AAf?$AA_?$AAx?$AA8?$AA6?$AA?2?$AAc@ 0041c910     MSVCRTD:crtexe.obj
 0003:00001988       ??_C@_1FA@DALEHHGL@?$AA_?$AA_?$AAn?$AAa?$AAt?$AAi?$AAv?$AAe?$AA_?$AAs?$AAt?$AAa?$AAr?$AAt?$AAu?$AAp?$AA_?$AAs?$AAt?$AAa?$AAt?$AAe?$AA?5?$AA?$DN?$AA?$DN?$AA?5?$AA_?$AA_?$AAi?$AAn?$AAi?$AAt@ 0041c988     MSVCRTD:crtexe.obj
 0003:000019f4       ?ProcessDetach@NativeDll@<CrtImplementationDetails>@@0IB 0041c9f4     MSVCRTD:unhandld.obj
 0003:000019f8       ?ProcessAttach@NativeDll@<CrtImplementationDetails>@@0IB 0041c9f8     MSVCRTD:unhandld.obj
 0003:000019fc       ?ThreadAttach@NativeDll@<CrtImplementationDetails>@@0IB 0041c9fc     MSVCRTD:unhandld.obj
 0003:00001a00       ?ThreadDetach@NativeDll@<CrtImplementationDetails>@@0IB 0041ca00     MSVCRTD:unhandld.obj
 0003:00001a04       ?ProcessVerifier@NativeDll@<CrtImplementationDetails>@@0IB 0041ca04     MSVCRTD:unhandld.obj
 0003:00001a08       ??_C@_1GE@KOCFNGPB@?$AA_?$AAc?$AAo?$AAn?$AAt?$AAr?$AAo?$AAl?$AAf?$AAp?$AA_?$AAs?$AA?$CI?$AA?$CI?$AA?$CI?$AAv?$AAo?$AAi?$AAd?$AA?5?$AA?$CK?$AA?$CJ?$AA0?$AA?$CJ?$AA?0?$AA?5?$AA0?$AAx?$AA0?$AA0?$AA0?$AA1@ 0041ca08     MSVCRTD:fp8.obj
 0003:00001a80       ??_C@_1CK@JMKHCBEI@?$AA_?$AAs?$AAe?$AAt?$AAd?$AAe?$AAf?$AAa?$AAu?$AAl?$AAt?$AAp?$AAr?$AAe?$AAc?$AAi?$AAs?$AAi?$AAo?$AAn?$AA?$AA@ 0041ca80     MSVCRTD:fp8.obj
 0003:00001ab8       ??_C@_1GG@PHGJJHBC@?$AAf?$AA?3?$AA?2?$AAd?$AAd?$AA?2?$AAv?$AAc?$AAt?$AAo?$AAo?$AAl?$AAs?$AA?2?$AAc?$AAr?$AAt?$AA_?$AAb?$AAl?$AAd?$AA?2?$AAs?$AAe?$AAl?$AAf?$AA_?$AAx?$AA8?$AA6?$AA?2?$AAc@ 0041cab8     MSVCRTD:fp8.obj
 0003:00001e40       ___rtc_iaa                 0041ce40     MSVCRTD:_initsect_.obj
 0003:00001f44       ___rtc_izz                 0041cf44     MSVCRTD:_initsect_.obj
 0003:00002048       ___rtc_taa                 0041d048     MSVCRTD:_initsect_.obj
 0003:0000214c       ___rtc_tzz                 0041d14c     MSVCRTD:_initsect_.obj
 0004:00000000       _Mip_LinktimeCRC_Linktime  0041e000     Mip_Lcfg.obj
 0004:00000004       _Sample                    0041e004     Mip_Lcfg.obj
 0004:00000009       _SampleSize                0041e009     Mip_Lcfg.obj
 0004:0000000a       _SampleSize2               0041e00a     Mip_Lcfg.obj
 0004:0000000b       _Mip_ChannelCount          0041e00b     Mip_Lcfg.obj
 0004:0000000c       _Sample2                   0041e00c     Mip_Lcfg.obj
 0004:00000014       _Mip_ChannelSpecificRomConstant 0041e014     Mip_Lcfg.obj
 0004:0000001c       _Mip_ChannelConfig_Ch0     0041e01c     Mip_Pbcfg.obj
 0004:00000024       _Mip_ConfigStruct          0041e024     Mip_Pbcfg.obj
 0004:00000034       ___security_cookie         0041e034     MSVCRTD:gs_cookie.obj
 0004:00000038       ___security_cookie_complement 0041e038     MSVCRTD:gs_cookie.obj
 0004:00000040       ___globallocalestatus      0041e040     MSVCRTD:xthdloc.obj
 0004:00000044       ___defaultmatherr          0041e044     MSVCRTD:merr.obj
 0004:00000048       ___native_dllmain_reason   0041e048     MSVCRTD:natstart.obj
 0004:0000004c       ___native_vcclrit_reason   0041e04c     MSVCRTD:natstart.obj
 0004:001743b4       __commode                  005923b4     MSVCRTD:xncommod.obj
 0004:001743b8       __fmode                    005923b8     MSVCRTD:xtxtmode.obj
 0004:001743bc       __dowildcard               005923bc     MSVCRTD:wildcard.obj
 0004:001743c0       __newmode                  005923c0     MSVCRTD:_newmode.obj
 0004:001743e0       _text                      005923e0     <common>
 0004:00174460       _bteLog_StdReturnType2String_string 00592460     <common>
 0004:00174480       _Mip_ChannelSpecificRamVariable 00592480     <common>
 0004:0017448c       ___native_startup_state    0059248c     <common>
 0004:0017449c       ___native_startup_lock     0059249c     <common>
 0004:001744a0       ___onexitend               005924a0     <common>
 0004:001744b0       ___onexitbegin             005924b0     <common>
 0004:001744b4       __NoHeapEnableTerminationOnCorruption 005924b4     <common>
 0004:001744b8       ___dyn_tls_init_callback   005924b8     <common>
 0005:00000000       __IMPORT_DESCRIPTOR_KERNEL32 00593000     kernel32:KERNEL32.dll
 0005:00000014       __IMPORT_DESCRIPTOR_MSVCR100D 00593014     MSVCRTD:MSVCR100D.dll
 0005:00000028       __NULL_IMPORT_DESCRIPTOR   00593028     kernel32:KERNEL32.dll
 0005:00000188       __imp__GetLocalTime@4      00593188     kernel32:KERNEL32.dll
 0005:0000018c       __imp__QueryPerformanceFrequency@4 0059318c     kernel32:KERNEL32.dll
 0005:00000190       __imp__QueryPerformanceCounter@4 00593190     kernel32:KERNEL32.dll
 0005:00000194       __imp__GetCurrentProcessId@0 00593194     kernel32:KERNEL32.dll
 0005:00000198       __imp__GetCurrentThreadId@0 00593198     kernel32:KERNEL32.dll
 0005:0000019c       __imp__GetTickCount@0      0059319c     kernel32:KERNEL32.dll
 0005:000001a0       __imp__DecodePointer@4     005931a0     kernel32:KERNEL32.dll
 0005:000001a4       __imp__IsDebuggerPresent@0 005931a4     kernel32:KERNEL32.dll
 0005:000001a8       __imp__SetUnhandledExceptionFilter@4 005931a8     kernel32:KERNEL32.dll
 0005:000001ac       __imp__UnhandledExceptionFilter@4 005931ac     kernel32:KERNEL32.dll
 0005:000001b0       __imp__GetCurrentProcess@0 005931b0     kernel32:KERNEL32.dll
 0005:000001b4       __imp__TerminateProcess@8  005931b4     kernel32:KERNEL32.dll
 0005:000001b8       __imp__HeapSetInformation@16 005931b8     kernel32:KERNEL32.dll
 0005:000001bc       __imp__InterlockedCompareExchange@12 005931bc     kernel32:KERNEL32.dll
 0005:000001c0       __imp__Sleep@4             005931c0     kernel32:KERNEL32.dll
 0005:000001c4       __imp__InterlockedExchange@8 005931c4     kernel32:KERNEL32.dll
 0005:000001c8       __imp__EncodePointer@4     005931c8     kernel32:KERNEL32.dll
 0005:000001cc       __imp__GetSystemTimeAsFileTime@4 005931cc     kernel32:KERNEL32.dll
 0005:000001d0       \177KERNEL32_NULL_THUNK_DATA 005931d0     kernel32:KERNEL32.dll
 0005:00000208       __imp____getmainargs       00593208     MSVCRTD:MSVCR100D.dll
 0005:0000020c       __imp___exit               0059320c     MSVCRTD:MSVCR100D.dll
 0005:00000210       __imp___XcptFilter         00593210     MSVCRTD:MSVCR100D.dll
 0005:00000214       __imp___cexit              00593214     MSVCRTD:MSVCR100D.dll
 0005:00000218       __imp__exit                00593218     MSVCRTD:MSVCR100D.dll
 0005:0000021c       __imp____initenv           0059321c     MSVCRTD:MSVCR100D.dll
 0005:00000220       __imp___CrtSetCheckCount   00593220     MSVCRTD:MSVCR100D.dll
 0005:00000224       __imp___CrtDbgReportW      00593224     MSVCRTD:MSVCR100D.dll
 0005:00000228       __imp___amsg_exit          00593228     MSVCRTD:MSVCR100D.dll
 0005:0000022c       __imp___initterm_e         0059322c     MSVCRTD:MSVCR100D.dll
 0005:00000230       __imp___crt_debugger_hook  00593230     MSVCRTD:MSVCR100D.dll
 0005:00000234       __imp_?terminate@@YAXXZ    00593234     MSVCRTD:MSVCR100D.dll
 0005:00000238       __imp___controlfp_s        00593238     MSVCRTD:MSVCR100D.dll
 0005:0000023c       __imp___invoke_watson      0059323c     MSVCRTD:MSVCR100D.dll
 0005:00000240       __imp___unlock             00593240     MSVCRTD:MSVCR100D.dll
 0005:00000244       __imp____dllonexit         00593244     MSVCRTD:MSVCR100D.dll
 0005:00000248       __imp___lock               00593248     MSVCRTD:MSVCR100D.dll
 0005:0000024c       __imp___onexit             0059324c     MSVCRTD:MSVCR100D.dll
 0005:00000250       __imp___except_handler4_common 00593250     MSVCRTD:MSVCR100D.dll
 0005:00000254       __imp____set_app_type      00593254     MSVCRTD:MSVCR100D.dll
 0005:00000258       __imp___fmode              00593258     MSVCRTD:MSVCR100D.dll
 0005:0000025c       __imp___commode            0059325c     MSVCRTD:MSVCR100D.dll
 0005:00000260       __imp____setusermatherr    00593260     MSVCRTD:MSVCR100D.dll
 0005:00000264       __imp___configthreadlocale 00593264     MSVCRTD:MSVCR100D.dll
 0005:00000268       __imp__getenv              00593268     MSVCRTD:MSVCR100D.dll
 0005:0000026c       __imp__printf              0059326c     MSVCRTD:MSVCR100D.dll
 0005:00000270       __imp__fscanf              00593270     MSVCRTD:MSVCR100D.dll
 0005:00000274       __imp__fprintf             00593274     MSVCRTD:MSVCR100D.dll
 0005:00000278       __imp__strlen              00593278     MSVCRTD:MSVCR100D.dll
 0005:0000027c       __imp__fopen               0059327c     MSVCRTD:MSVCR100D.dll
 0005:00000280       __imp__fwrite              00593280     MSVCRTD:MSVCR100D.dll
 0005:00000284       __imp__fclose              00593284     MSVCRTD:MSVCR100D.dll
 0005:00000288       __imp__sprintf             00593288     MSVCRTD:MSVCR100D.dll
 0005:0000028c       __imp___initterm           0059328c     MSVCRTD:MSVCR100D.dll
 0005:00000290       \177MSVCR100D_NULL_THUNK_DATA 00593290     MSVCRTD:MSVCR100D.dll

 entry point at        0002:0000030c

