 X_Asr4Msn

 Timestamp is 576a93ac (Wed Jun 22 15:33:32 2016)

 Preferred load address is 00400000

 Start         Length     Name                   Class
 0001:00000000 00010000H .textbss                DATA
 0002:00000000 000092a7H .text                   CODE
 0003:00000000 00000104H .CRT$XCA                DATA
 0003:00000104 00000104H .CRT$XCAA               DATA
 0003:00000208 00000104H .CRT$XCZ                DATA
 0003:0000030c 00000104H .CRT$XIA                DATA
 0003:00000410 00000104H .CRT$XIAA               DATA
 0003:00000514 00000104H .CRT$XIY                DATA
 0003:00000618 00000104H .CRT$XIZ                DATA
 0003:00000720 000013aaH .rdata                  DATA
 0003:00001acc 00000196H .rdata$debug            DATA
 0003:00001c64 00000104H .rtc$IAA                DATA
 0003:00001d68 00000104H .rtc$IZZ                DATA
 0003:00001e6c 00000104H .rtc$TAA                DATA
 0003:00001f70 00000104H .rtc$TZZ                DATA
 0003:00002078 00000169H .xdata$x                DATA
 0003:000021e1 00000000H .edata                  DATA
 0004:00000000 00000156H .data                   DATA
 0004:00000160 0000cbbcH .bss                    DATA
 0005:00000000 00000028H .idata$2                DATA
 0005:00000028 00000014H .idata$3                DATA
 0005:0000003c 0000014cH .idata$4                DATA
 0005:00000188 0000014cH .idata$5                DATA
 0005:000002d4 000004c3H .idata$6                DATA

  Address         Publics by Value              Rva+Base       Lib:Object

 0000:00000000       ___safe_se_handler_table   00000000     <absolute>
 0000:00000000       ___safe_se_handler_count   00000000     <absolute>
 0000:00000000       __except_list              00000000     <absolute>
 0000:00009876       __ldused                   00009876     <absolute>
 0000:00009876       __fltused                  00009876     <absolute>
 0000:00000000       ___ImageBase               00400000     <linker-defined>
 0001:00000000       __enc$textbss$begin        00401000     <linker-defined>
 0001:00010000       __enc$textbss$end          00411000     <linker-defined>
 0002:000009e0       _Mip_InitMemory            004119e0 f   Mip.obj
 0002:00000a10       _Mip_GlobalExampleFunction 00411a10 f   Mip.obj
 0002:00000b00       _Mip_MainFunction          00411b00 f   Mip.obj
 0002:00000b20       _Mip_Init                  00411b20 f   Mip.obj
 0002:00000bf0       _Mip_GetVersionInfo        00411bf0 f   Mip.obj
 0002:00000c70       _Mip_SampleA               00411c70 f   Mip.obj
 0002:00000c90       _Mip_SampleB               00411c90 f   Mip.obj
 0002:00000cb0       _Mip_SampleC               00411cb0 f   Mip.obj
 0002:00000cd0       _Mip_SampleD               00411cd0 f   Mip.obj
 0002:00000cf0       _Mip_UnInit                00411cf0 f   Mip.obj
 0002:00000d10       _BteCriticalSection_Init   00411d10 f   BteCallContext.obj
 0002:00000d60       _BteCriticalSection_Enter  00411d60 f   BteCallContext.obj
 0002:00000d90       _BteCriticalSection_Leave  00411d90 f   BteCallContext.obj
 0002:00000de0       _BteCriticalSection_Get    00411de0 f   BteCallContext.obj
 0002:00000e00       _BteExclusiveArea_Enter    00411e00 f   BteCallContext.obj
 0002:00000e30       _BteExclusiveArea_Leave    00411e30 f   BteCallContext.obj
 0002:00000e90       _BteExclusiveArea_Get      00411e90 f   BteCallContext.obj
 0002:00000eb0       _BteCallContext_Set        00411eb0 f   BteCallContext.obj
 0002:00000ed0       _BteCallContext_Get        00411ed0 f   BteCallContext.obj
 0002:00000ef0       _BteEventCallContextList_Clear 00411ef0 f   BteCallContext.obj
 0002:00000fc0       _BteEventCallContextList_Add 00411fc0 f   BteCallContext.obj
 0002:00001250       _BteEventCallContextList_WriteReport 00412250 f   BteCallContext.obj
 0002:00001510       _BteAssert                 00412510 f   BteCheck.obj
 0002:00001550       _BteAssert_EQ              00412550 f   BteCheck.obj
 0002:000015e0       _BteAssert2_EQ             004125e0 f   BteCheck.obj
 0002:000016c0       _BteAssert_NEQ             004126c0 f   BteCheck.obj
 0002:00001750       _BteAssert_LE              00412750 f   BteCheck.obj
 0002:000017e0       _BteAssert_GE              004127e0 f   BteCheck.obj
 0002:00001870       _BteAssert_Range           00412870 f   BteCheck.obj
 0002:00001910       _BteAssert_Tolerance       00412910 f   BteCheck.obj
 0002:000019e0       _BteOk                     004129e0 f   BteCheck.obj
 0002:00001a80       _BteError                  00412a80 f   BteCheck.obj
 0002:00001b20       _BteWarning                00412b20 f   BteCheck.obj
 0002:00001b60       _BteAvailableOk            00412b60 f   BteCheck.obj
 0002:00001bd0       _BteAvailableError         00412bd0 f   BteCheck.obj
 0002:00001c30       _BteNotAvailableOk         00412c30 f   BteCheck.obj
 0002:00001ca0       _BteNotAvailableError      00412ca0 f   BteCheck.obj
 0002:00001d10       _BteRangeOk                00412d10 f   BteCheck.obj
 0002:00001d80       _BteRangeError             00412d80 f   BteCheck.obj
 0002:00001df0       _BteMultipleOk             00412df0 f   BteCheck.obj
 0002:00001e60       _BteMultipleError          00412e60 f   BteCheck.obj
 0002:00001ed0       _BteEvent_Init             00412ed0 f   BteEvent.obj
 0002:00001fa0       _BteEvent_Copy             00412fa0 f   BteEvent.obj
 0002:00002070       _BteEventFilter_Clear      00413070 f   BteEvent.obj
 0002:000020f0       _BteEventFilter_Set        004130f0 f   BteEvent.obj
 0002:00002140       _BteEventFilter_Apply      00413140 f   BteEvent.obj
 0002:00002580       _BteEventList_Clear        00413580 f   BteEventList.obj
 0002:000025f0       _BteEventList_Add          004135f0 f   BteEventList.obj
 0002:00002670       _BteEventList_Get          00413670 f   BteEventList.obj
 0002:00002790       _BteEventList_GetSize      00413790 f   BteEventList.obj
 0002:00002820       _BteEventList_GetCount     00413820 f   BteEventList.obj
 0002:000028f0       _BteEventList_GetIndex     004138f0 f   BteEventList.obj
 0002:00002980       _BteLog_Init               00413980 f   BteLog.obj
 0002:000029d0       _BteLog_SetStubName        004139d0 f   BteLog.obj
 0002:00002a10       _BteLog_GetStubName        00413a10 f   BteLog.obj
 0002:00002a40       _BteLog_EventMask_EnableAll 00413a40 f   BteLog.obj
 0002:00002a80       _BteLog_EventMask_DisableAll 00413a80 f   BteLog.obj
 0002:00002ac0       _BteLog_EventMask_Enable   00413ac0 f   BteLog.obj
 0002:00002b10       _BteLog_EventMask_Disable  00413b10 f   BteLog.obj
 0002:00002b60       _BteLog_EventListMask_EnableAll 00413b60 f   BteLog.obj
 0002:00002bd0       _BteLog_EventListMask_DisableAll 00413bd0 f   BteLog.obj
 0002:00002c40       _BteLog_EventListMask_Enable 00413c40 f   BteLog.obj
 0002:00002cd0       _BteLog_EventListMask_Disable 00413cd0 f   BteLog.obj
 0002:00002d70       _BteLog_EventListMask_Check 00413d70 f   BteLog.obj
 0002:00002de0       _BteLog_EventLogMask_EnableAll 00413de0 f   BteLog.obj
 0002:00002e50       _BteLog_EventLogMask_DisableAll 00413e50 f   BteLog.obj
 0002:00002ec0       _BteLog_EventLogMask_Enable 00413ec0 f   BteLog.obj
 0002:00002f50       _BteLog_EventLogMask_Disable 00413f50 f   BteLog.obj
 0002:00002ff0       _BteLog_EventLogMask_Check 00413ff0 f   BteLog.obj
 0002:00003060       _BteLog_Event_Init         00414060 f   BteLog.obj
 0002:00003090       _BteLog_Event_InitExt      00414090 f   BteLog.obj
 0002:000030f0       _BteLog_Event_Log          004140f0 f   BteLog.obj
 0002:000032b0       _BteLog_TimerStart         004142b0 f   BteLog.obj
 0002:000032d0       _BteLog_TimerStop          004142d0 f   BteLog.obj
 0002:00003310       _BteLog_Debug              00414310 f   BteLog.obj
 0002:00003380       _BteLog_WriteConfigText    00414380 f   BteLog.obj
 0002:000033f0       _BteLog_WriteConfigValue   004143f0 f   BteLog.obj
 0002:00003460       _BteLog_WriteConfigAsrSwitch 00414460 f   BteLog.obj
 0002:00003520       _BteLog_StdReturnType2String 00414520 f   BteLog.obj
 0002:000035a0       _BteLog_ConfigGroup_Begin  004145a0 f   BteLog.obj
 0002:00003610       _BteLog_ConfigGroup_End    00414610 f   BteLog.obj
 0002:00003640       _BteLog_VersionGroup_Begin 00414640 f   BteLog.obj
 0002:000036b0       _BteLog_VersionGroup_End   004146b0 f   BteLog.obj
 0002:000036e0       _BteLogList_Clear          004146e0 f   BteLogList.obj
 0002:00003700       _BteLogList_Message        00414700 f   BteLogList.obj
 0002:00003780       _BteLogList_AddTestcase    00414780 f   BteLogList.obj
 0002:000037d0       _BteLogList_AddEvent       004147d0 f   BteLogList.obj
 0002:00003980       _BteLogList_Serialize32    00414980 f   BteLogList.obj
 0002:00003a60       _BteLogList_Serialize16    00414a60 f   BteLogList.obj
 0002:00003ae0       _BteLogList_WriteToFile    00414ae0 f   BteLogList.obj
 0002:00003be0       _BteReport_Open            00414be0 f   BteReport.obj
 0002:00003c70       _BteReport_Close           00414c70 f   BteReport.obj
 0002:00003cc0       _BteTraceReport_Open       00414cc0 f   BteReport.obj
 0002:00003d50       _BteTraceReport_Close      00414d50 f   BteReport.obj
 0002:00003d90       _BteReport_Select_TestcaseReport 00414d90 f   BteReport.obj
 0002:00003db0       _BteReport_Select_MainReport 00414db0 f   BteReport.obj
 0002:00003dd0       _BteReport_Open_TestcaseReport 00414dd0 f   BteReport.obj
 0002:00003e10       _BteReport_Close_TestcaseReport 00414e10 f   BteReport.obj
 0002:00003e50       _BteReport_Copy_Testcase2Main 00414e50 f   BteReport.obj
 0002:00003ed0       _BteReport_Write           00414ed0 f   BteReport.obj
 0002:00003f10       _BteReport_WriteInfo       00414f10 f   BteReport.obj
 0002:00003f40       _BteReport_WriteSect       00414f40 f   BteReport.obj
 0002:00003f70       _BteReport_WriteElement    00414f70 f   BteReport.obj
 0002:00003fe0       _BteReport_WriteVersion    00414fe0 f   BteReport.obj
 0002:00004060       _BteTraceReport_WriteElement 00415060 f   BteReport.obj
 0002:00004230       _BteTraceReport_Write      00415230 f   BteReport.obj
 0002:00004270       _BteTestReport_Init        00415270 f   BteTestHandler.obj
 0002:000042a0       _BteTest_Begin             004152a0 f   BteTestHandler.obj
 0002:00004320       _BteTest_End               00415320 f   BteTestHandler.obj
 0002:00004370       _BteTest_GetResult         00415370 f   BteTestHandler.obj
 0002:00004390       _BteTestGroup_Init         00415390 f   BteTestHandler.obj
 0002:000043b0       _BteTestGroup_Begin        004153b0 f   BteTestHandler.obj
 0002:00004490       _BteTestGroup_End          00415490 f   BteTestHandler.obj
 0002:000044e0       _BteTestSequence_Init      004154e0 f   BteTestHandler.obj
 0002:00004500       _BteTestSequence_BeginID   00415500 f   BteTestHandler.obj
 0002:000045b0       _BteTestSequence_PreBegin  004155b0 f   BteTestHandler.obj
 0002:000045f0       _BteTestSequence_BeginReport 004155f0 f   BteTestHandler.obj
 0002:00004750       _BteTestSequence_Begin_Intern 00415750 f   BteTestHandler.obj
 0002:000047f0       _BteTestSequence_Begin     004157f0 f   BteTestHandler.obj
 0002:00004820       _BteTestSequence_End       00415820 f   BteTestHandler.obj
 0002:000048d0       _BteTestRun_Init           004158d0 f   BteTestHandler.obj
 0002:000048f0       _BteTestRun_Begin          004158f0 f   BteTestHandler.obj
 0002:000049d0       _BteTestRun_End            004159d0 f   BteTestHandler.obj
 0002:00004a00       _BteTestRun_Error          00415a00 f   BteTestHandler.obj
 0002:00004a30       _BteTestRun_Warning        00415a30 f   BteTestHandler.obj
 0002:00004a60       _BteTestRun_NA             00415a60 f   BteTestHandler.obj
 0002:00004b40       _BteTCASE_Begin            00415b40 f   BteTestHandler.obj
 0002:00004be0       _BteTCASE_End              00415be0 f   BteTestHandler.obj
 0002:00004c50       _BteTestCase_GetTime       00415c50 f   BteTestHandler.obj
 0002:00004c70       _BteTestCase_SetData       00415c70 f   BteTestHandler.obj
 0002:00004d70       _BteTestCase_ResetData_ID  00415d70 f   BteTestHandler.obj
 0002:00004d90       _BteTestCase_SetData_ID    00415d90 f   BteTestHandler.obj
 0002:00004db0       _BteTestCase_SetState      00415db0 f   BteTestHandler.obj
 0002:00005040       _BteWait                   00416040 f   BteTestHandler.obj
 0002:00005090       _BteWaitTriggerWithTimeout 00416090 f   BteTestHandler.obj
 0002:00005120       _BteWaitTrigger            00416120 f   BteTestHandler.obj
 0002:00005150       _BteGetTriggerTime         00416150 f   BteTestHandler.obj
 0002:00005190       _ApplBteLog_Trigger        00416190 f   BteTestHandler.obj
 0002:00005450       _BteTestHandler_BackgroundTest_Clear 00416450 f   BteTestHandler.obj
 0002:000054f0       _BteTestHandler_BackgroundTest_Init 004164f0 f   BteTestHandler.obj
 0002:00005590       _BteTestHandler_BackgroundTest_Set 00416590 f   BteTestHandler.obj
 0002:00005630       _BteTestHandler_BackgroundTest_Log 00416630 f   BteTestHandler.obj
 0002:000057c0       _BteTimer_Init             004167c0 f   BteTiming.obj
 0002:00005850       _BteTimer_Start            00416850 f   BteTiming.obj
 0002:000058a0       _BteTimer_Stop             004168a0 f   BteTiming.obj
 0002:00005960       _BteEventTimingList_Clear  00416960 f   BteTiming.obj
 0002:00005a20       _BteEventTimingList_Add    00416a20 f   BteTiming.obj
 0002:00005bd0       _BteEventTimingList_WriteReport 00416bd0 f   BteTiming.obj
 0002:00005da0       _TscAppl_Init              00416da0 f   TscAppl.obj
 0002:00005dd0       _TscAppl_Cyclic1ms         00416dd0 f   TscAppl.obj
 0002:00005e20       _TscAppl_Mip_InitMemory    00416e20 f   TscAppl.obj
 0002:00005ef0       _TscAppl_Mip_Init          00416ef0 f   TscAppl.obj
 0002:00005fd0       _TscAppl_Mip_MainFunction  00416fd0 f   TscAppl.obj
 0002:00006090       _TscAppl_Mip_GetVersionInfo 00417090 f   TscAppl.obj
 0002:00006160       _TscDem_Init               00417160 f   TscDem.obj
 0002:000061a0       _TscDem_Cyclic1ms          004171a0 f   TscDem.obj
 0002:000061c0       _Dem_ReportErrorStatus     004171c0 f   TscDem.obj
 0002:000062a0       _TscDet_Init               004172a0 f   TscDet.obj
 0002:000062e0       _TscDet_Cyclic1ms          004172e0 f   TscDet.obj
 0002:00006300       _Det_ReportError           00417300 f   TscDet.obj
 0002:00006440       _TscDet_SetDetAsError      00417440 f   TscDet.obj
 0002:00006460       _TscEcuM_Init              00417460 f   TscEcuM.obj
 0002:000064a0       _TscEcuM_Cyclic1ms         004174a0 f   TscEcuM.obj
 0002:000064c0       _TscEcuM_SetRval_EcuM_GetState 004174c0 f   TscEcuM.obj
 0002:000064e0       _EcuM_GeneratorCompatibilityError 004174e0 f   TscEcuM.obj
 0002:000065b0       _TscMip_Init               004175b0 f   TscMip.obj
 0002:000065f0       _TscMip_Cyclic1ms          004175f0 f   TscMip.obj
 0002:00006610       _TscMip_SampleA            00417610 f   TscMip.obj
 0002:000067a0       _TscMip_SampleB            004177a0 f   TscMip.obj
 0002:000068b0       _TscMip_SampleC            004178b0 f   TscMip.obj
 0002:000069d0       _TscMip_SampleD            004179d0 f   TscMip.obj
 0002:00006af0       _TscMip_GetVersionInfo     00417af0 f   TscMip.obj
 0002:00006bd0       _TscMip_Mip_Init           00417bd0 f   TscMip.obj
 0002:00006cc0       _TscMip_InitMemory         00417cc0 f   TscMip.obj
 0002:00006da0       _TscMip_MainFunction       00417da0 f   TscMip.obj
 0002:00006e80       _TscMip_UnInit             00417e80 f   TscMip.obj
 0002:00006f60       _TscSchM_Init              00417f60 f   TscSchM.obj
 0002:00006fa0       _TscSchM_Cyclic1ms         00417fa0 f   TscSchM.obj
 0002:00006fc0       _SchM_Enter_Mip            00417fc0 f   TscSchM.obj
 0002:00006ff0       _SchM_Exit_Mip             00417ff0 f   TscSchM.obj
 0002:00007020       _main                      00418020 f   TscTest.obj
 0002:00007050       _ApplBteTestCase_Init      00418050 f   TscTest.obj
 0002:000070a0       _ApplBteTestCase_Cyclic1ms 004180a0 f   TscTest.obj
 0002:00007120       _TC_Samir                  00418120 f   TscTest.obj
 0002:0000759e       _GetLocalTime@4            0041859e f   kernel32:KERNEL32.dll
 0002:000075a4       _QueryPerformanceFrequency@4 004185a4 f   kernel32:KERNEL32.dll
 0002:000075aa       _QueryPerformanceCounter@4 004185aa f   kernel32:KERNEL32.dll
 0002:000075b0       _sprintf                   004185b0 f   MSVCRTD:MSVCR100D.dll
 0002:000075c0       @__security_check_cookie@4 004185c0 f   MSVCRTD:secchk.obj
 0002:000075d2       _fclose                    004185d2 f   MSVCRTD:MSVCR100D.dll
 0002:000075d8       _fwrite                    004185d8 f   MSVCRTD:MSVCR100D.dll
 0002:000075de       _fopen                     004185de f   MSVCRTD:MSVCR100D.dll
 0002:000075e4       _strlen                    004185e4 f   MSVCRTD:MSVCR100D.dll
 0002:000075ea       _fprintf                   004185ea f   MSVCRTD:MSVCR100D.dll
 0002:000075f0       _fscanf                    004185f0 f   MSVCRTD:MSVCR100D.dll
 0002:000075f6       _printf                    004185f6 f   MSVCRTD:MSVCR100D.dll
 0002:000075fc       _getenv                    004185fc f   MSVCRTD:MSVCR100D.dll
 0002:00007730       _mainCRTStartup            00418730 f   MSVCRTD:crtexe.obj
 0002:00007a50       _NtCurrentTeb              00418a50 f i MSVCRTD:crtexe.obj
 0002:00007af0       ___report_gsfailure        00418af0 f   MSVCRTD:gs_report.obj
 0002:00007c50       ?__CxxUnhandledExceptionFilter@@YGJPAU_EXCEPTION_POINTERS@@@Z 00418c50 f   MSVCRTD:unhandld.obj
 0002:00007cd0       ___CxxSetUnhandledExceptionFilter 00418cd0 f   MSVCRTD:unhandld.obj
 0002:00007cea       __configthreadlocale       00418cea f   MSVCRTD:MSVCR100D.dll
 0002:00007cf0       __setdefaultprecision      00418cf0 f   MSVCRTD:fp8.obj
 0002:00007d40       __invoke_watson_if_error   00418d40 f i MSVCRTD:fp8.obj
 0002:00007d72       ___setusermatherr          00418d72 f   MSVCRTD:MSVCR100D.dll
 0002:00007d80       __matherr                  00418d80 f   MSVCRTD:merr.obj
 0002:00007d90       __setargv                  00418d90 f   MSVCRTD:dllargv.obj
 0002:00007da0       __RTC_Initialize           00418da0 f   MSVCRTD:_initsect_.obj
 0002:00007dd0       __RTC_Terminate            00418dd0 f   MSVCRTD:_initsect_.obj
 0002:00007e00       __onexit                   00418e00 f   MSVCRTD:atonexit.obj
 0002:00007f30       _atexit                    00418f30 f   MSVCRTD:atonexit.obj
 0002:00007f54       ___set_app_type            00418f54 f   MSVCRTD:MSVCR100D.dll
 0002:00007f5a       __amsg_exit                00418f5a f   MSVCRTD:MSVCR100D.dll
 0002:00007f60       ___getmainargs             00418f60 f   MSVCRTD:MSVCR100D.dll
 0002:00007f70       ___security_init_cookie    00418f70 f   MSVCRTD:gs_support.obj
 0002:00008088       __exit                     00419088 f   MSVCRTD:MSVCR100D.dll
 0002:0000808e       __XcptFilter               0041908e f   MSVCRTD:MSVCR100D.dll
 0002:00008094       __cexit                    00419094 f   MSVCRTD:MSVCR100D.dll
 0002:0000809a       _exit                      0041909a f   MSVCRTD:MSVCR100D.dll
 0002:000080a0       __CrtSetCheckCount         004190a0 f   MSVCRTD:MSVCR100D.dll
 0002:000080b0       __ValidateImageBase        004190b0 f   MSVCRTD:pesect.obj
 0002:00008130       __FindPESection            00419130 f   MSVCRTD:pesect.obj
 0002:000081d0       __IsNonwritableInCurrentImage 004191d0 f   MSVCRTD:pesect.obj
 0002:00008326       __CrtDbgReportW            00419326 f   MSVCRTD:MSVCR100D.dll
 0002:0000832c       __initterm                 0041932c f   MSVCRTD:MSVCR100D.dll
 0002:00008332       __initterm_e               00419332 f   MSVCRTD:MSVCR100D.dll
 0002:00008340       __except_handler4          00419340 f   MSVCRTD:chandler4gs.obj
 0002:00008374       __crt_debugger_hook        00419374 f   MSVCRTD:MSVCR100D.dll
 0002:0000837a       ?terminate@@YAXXZ          0041937a f   MSVCRTD:MSVCR100D.dll
 0002:00008380       __controlfp_s              00419380 f   MSVCRTD:MSVCR100D.dll
 0002:00008386       __invoke_watson            00419386 f   MSVCRTD:MSVCR100D.dll
 0002:0000838c       __unlock                   0041938c f   MSVCRTD:MSVCR100D.dll
 0002:00008392       ___dllonexit               00419392 f   MSVCRTD:MSVCR100D.dll
 0002:00008398       __lock                     00419398 f   MSVCRTD:MSVCR100D.dll
 0002:0000839e       __except_handler4_common   0041939e f   MSVCRTD:MSVCR100D.dll
 0002:000083a4       _EncodePointer@4           004193a4 f   kernel32:KERNEL32.dll
 0002:000083aa       _InterlockedExchange@8     004193aa f   kernel32:KERNEL32.dll
 0002:000083b0       _Sleep@4                   004193b0 f   kernel32:KERNEL32.dll
 0002:000083b6       _InterlockedCompareExchange@12 004193b6 f   kernel32:KERNEL32.dll
 0002:000083bc       _HeapSetInformation@16     004193bc f   kernel32:KERNEL32.dll
 0002:000083c2       _TerminateProcess@8        004193c2 f   kernel32:KERNEL32.dll
 0002:000083c8       _GetCurrentProcess@0       004193c8 f   kernel32:KERNEL32.dll
 0002:000083ce       _UnhandledExceptionFilter@4 004193ce f   kernel32:KERNEL32.dll
 0002:000083d4       _SetUnhandledExceptionFilter@4 004193d4 f   kernel32:KERNEL32.dll
 0002:000083da       _IsDebuggerPresent@0       004193da f   kernel32:KERNEL32.dll
 0002:000083e0       _DecodePointer@4           004193e0 f   kernel32:KERNEL32.dll
 0002:000083e6       _GetTickCount@0            004193e6 f   kernel32:KERNEL32.dll
 0002:000083ec       _GetCurrentThreadId@0      004193ec f   kernel32:KERNEL32.dll
 0002:000083f2       _GetCurrentProcessId@0     004193f2 f   kernel32:KERNEL32.dll
 0002:000083f8       _GetSystemTimeAsFileTime@4 004193f8 f   kernel32:KERNEL32.dll
 0003:00000000       ___xc_a                    0041b000     MSVCRTD:cinitexe.obj
 0003:00000208       ___xc_z                    0041b208     MSVCRTD:cinitexe.obj
 0003:0000030c       ___xi_a                    0041b30c     MSVCRTD:cinitexe.obj
 0003:00000618       ___xi_z                    0041b618     MSVCRTD:cinitexe.obj
 0003:0000073c       ??_C@_0DG@CBDNCCKM@Critical?5section?5is?5left?5althoug@ 0041b73c     BteCallContext.obj
 0003:0000077c       ??_C@_0DE@KOKJLLMJ@Exclusive?5Area?5is?5left?5although?5@ 0041b77c     BteCallContext.obj
 0003:000007bc       ??_C@_03JMFMNIFM@?9?9?9?$AA@ 0041b7bc     BteCallContext.obj
 0003:000007c0       ??_C@_0M@PKCIEIL@?$DM?1testcase?$DO?$AA@ 0041b7c0     BteCallContext.obj
 0003:000007d0       ??_C@_0BE@KDONNNAN@?$DMresult?$DOok?$DM?1result?$DO?$AA@ 0041b7d0     BteCallContext.obj
 0003:000007e8       ??_C@_0BH@GFJDGOF@?$DM?1FunctionCallContext?$DO?$AA@ 0041b7e8     BteCallContext.obj
 0003:00000808       ??_C@_0HN@KFDNKFEO@?$DMfunction?5name?$DN?$CC?$CFs?$CC?5type?$DN?$CC?$CFd?$CC?5co@ 0041b808     BteCallContext.obj
 0003:000008a0       ??_C@_02DKCKIIND@?$CFs?$AA@ 0041b8a0     BteCallContext.obj
 0003:000008a4       ??_C@_0L@DJANMIEF@notEA?$CFd?5?$CFs?$AA@ 0041b8a4     BteCallContext.obj
 0003:000008b4       ??_C@_07LIKJNGNK@EA?$CFd?5?$CFs?$AA@ 0041b8b4     BteCallContext.obj
 0003:000008c0       ??_C@_0BG@EPCNCMCB@?$DMFunctionCallContext?$DO?$AA@ 0041b8c0     BteCallContext.obj
 0003:000008da       ??_C@_00CNPNBAHC@?$AA@     0041b8da     BteCallContext.obj
 0003:000008dc       ??_C@_0BL@LALOGOHD@?$DMtestcase?5id?$DN?$CC?$CFs?$CC?5name?$DN?$CC?$CC?$DO?$AA@ 0041b8dc     BteCallContext.obj
 0003:000008fc       ??_C@_0N@KFJMLPDE@?$CFs?3?5?$CFd?5?$DN?$DN?5?$CFd?$AA@ 0041b8fc     BteCheck.obj
 0003:0000090c       ??_C@_0BB@MPPOMNLH@?$CFs?3?50x?$CFx?5?$DN?$DN?50x?$CFx?$AA@ 0041b90c     BteCheck.obj
 0003:00000920       ??_C@_0N@NBIIHNNE@?$CFs?3?5?$CFd?5?$CB?$DN?5?$CFd?$AA@ 0041b920     BteCheck.obj
 0003:00000930       ??_C@_0N@KMEAMKFO@?$CFs?3?5?$CFd?5LE?5?$CFd?$AA@ 0041b930     BteCheck.obj
 0003:00000940       ??_C@_0N@MGIHDKJN@?$CFs?3?5?$CFd?5GE?5?$CFd?$AA@ 0041b940     BteCheck.obj
 0003:00000950       ??_C@_0BD@GGEGMEOA@?$CFs?3?5?$CFd?5LE?5?$CFd?5LE?5?$CFd?$AA@ 0041b950     BteCheck.obj
 0003:00000968       ??_C@_0BJ@HJJCMIHJ@?$CFs?3?5?$CFd?5?$DN?$DN?5?$CFd?5?$CL?9?$CFdpercent?$AA@ 0041b968     BteCheck.obj
 0003:00000988       ??_C@_0CD@FKOFFLPN@?5note?5right?5of?5Appl?5?$CDlime?3?5Ok?3?5?$CF@ 0041b988     BteCheck.obj
 0003:000009b4       ??_C@_02MFDMBIJM@ok?$AA@   0041b9b4     BteCheck.obj
 0003:000009b8       ??_C@_04CCHLMOGN@fail?$AA@ 0041b9b8     BteCheck.obj
 0003:000009c0       ??_C@_0CD@EBPBNILF@?5note?5right?5of?5Appl?5?$CDred?3?5Fail?3?5@ 0041b9c0     BteCheck.obj
 0003:000009ec       ??_C@_04FNLOFOEM@warn?$AA@ 0041b9ec     BteCheck.obj
 0003:000009f4       ??_C@_0BO@LCIEBJPL@?$CFs?5is?5available?5?$CIas?5expected?$CJ?$AA@ 0041b9f4     BteCheck.obj
 0003:00000a18       ??_C@_0CD@PKHHNMMK@?$CFs?5is?5not?5available?5?$CIbut?5expecte@ 0041ba18     BteCheck.obj
 0003:00000a44       ??_C@_0CC@MLPFFEOO@?$CFs?5is?5not?5available?5?$CIas?5expected@ 0041ba44     BteCheck.obj
 0003:00000a6c       ??_C@_0CD@DEGHFIPJ@?$CFs?5is?5available?5?$CIbut?5not?5expecte@ 0041ba6c     BteCheck.obj
 0003:00000a98       ??_C@_0BO@GBIOIKIB@?$CFs?5value?5is?5in?5expected?5range?$AA@ 0041ba98     BteCheck.obj
 0003:00000abc       ??_C@_0CC@PGNPIMJB@?$CFs?5value?5is?5not?5in?5expected?5rang@ 0041babc     BteCheck.obj
 0003:00000ae4       ??_C@_0CB@DGCMMKFA@?$CFs?5value?5is?5not?5multiply?5defined@ 0041bae4     BteCheck.obj
 0003:00000b0c       ??_C@_0BN@LFPDFCFL@?$CFs?5value?5is?5multiply?5defined?$AA@ 0041bb0c     BteCheck.obj
 0003:00000b30       ??_C@_0FF@CPEACHGO@BteEventList?3?5Event?5Overflow?5?9?5I@ 0041bb30     BteEventList.obj
 0003:00000b98       ??_C@_0CF@IPEJKJLD@BteLog?3?5StubId?5exceeds?5defined?5l@ 0041bb98     BteLog.obj
 0003:00000bc4       ??_C@_0CG@GLNGMADB@BteLog?3?5StubId?5exceeds?5defined?5l@ 0041bbc4     BteLog.obj
 0003:00000bf4       ??_C@_03LGLGIONO@cmd?$AA@  0041bbf4     BteLog.obj
 0003:00000bf8       ??_C@_05DNIIFBMG@?$CFs?5?$CFs?$AA@ 0041bbf8     BteLog.obj
 0003:00000c00       ??_C@_0BH@PDMPPCI@?5note?5left?5of?5Appl?3?5?$CFs?$AA@ 0041bc00     BteLog.obj
 0003:00000c1c       ??_C@_0CP@MBACPJPJ@?$DMconfigAttr?5name?$DN?$CC?$CFs?$CC?5value?$DN?$CC?$CFs?$CC@ 0041bc1c     BteLog.obj
 0003:00000c54       ??_C@_0CP@PGMBBMMP@?$DMconfigAttr?5name?$DN?$CC?$CFs?$CC?5value?$DN?$CC?$CFd?$CC@ 0041bc54     BteLog.obj
 0003:00000c8c       ??_C@_0DE@EOAIIEJE@?$DMconfigAttr?5name?$DN?$CC?$CFs?$CC?5value?$DN?$CCunk@ 0041bc8c     BteLog.obj
 0003:00000ccc       ??_C@_0DE@CBFMPOFD@?$DMconfigAttr?5name?$DN?$CC?$CFs?$CC?5value?$DN?$CCSTD@ 0041bccc     BteLog.obj
 0003:00000d0c       ??_C@_0DD@MJDMCIBE@?$DMconfigAttr?5name?$DN?$CC?$CFs?$CC?5value?$DN?$CCSTD@ 0041bd0c     BteLog.obj
 0003:00000d4c       ??_C@_07CIFAGBMG@unknown?$AA@ 0041bd4c     BteLog.obj
 0003:00000d58       ??_C@_08NNHJNACC@E_NOT_OK?$AA@ 0041bd58     BteLog.obj
 0003:00000d64       ??_C@_04FCOLJMBM@E_OK?$AA@ 0041bd64     BteLog.obj
 0003:00000d6c       ??_C@_0BI@FOJIHAMF@?$DMconfigGroup?5name?$DN?$CC?$CFs?$CC?$DO?$AA@ 0041bd6c     BteLog.obj
 0003:00000d88       ??_C@_0P@LCDFAOJM@?$DM?1configGroup?$DO?$AA@ 0041bd88     BteLog.obj
 0003:00000d9c       ??_C@_0BI@HFFIECF@?$DMversionData?5name?$DN?$CC?$CFs?$CC?$DO?$AA@ 0041bd9c     BteLog.obj
 0003:00000db8       ??_C@_0P@NFMKHMJN@?$DM?1versionData?$DO?$AA@ 0041bdb8     BteLog.obj
 0003:00000dcc       ??_C@_02GMLFBBN@wb?$AA@    0041bdcc     BteLogList.obj
 0003:00000dd0       ??_C@_0GD@KNGABJJE@Print?$DLTime?$DLType?$DLName?$DLObject?5File@ 0041bdd0     BteReport.obj
 0003:00000e48       ??_C@_0BA@MOGMANJE@TraceReport?4csv?$AA@ 0041be48     BteReport.obj
 0003:00000e5c       ??_C@_01NOFIACDB@w?$AA@    0041be5c     BteReport.obj
 0003:00000e60       ??_C@_0BE@DNNNIDDH@report_Testcase?4xml?$AA@ 0041be60     BteReport.obj
 0003:00000e78       ??_C@_02HAOIJKIC@?$CFc?$AA@ 0041be78     BteReport.obj
 0003:00000e7c       ??_C@_01KDCPPGHE@r?$AA@    0041be7c     BteReport.obj
 0003:00000e80       ??_C@_03OFAPEBGM@?$CFs?6?$AA@ 0041be80     BteReport.obj
 0003:00000e84       ??_C@_04NIDJFNBE@info?$AA@ 0041be84     BteReport.obj
 0003:00000e8c       ??_C@_04IKJFFMEH@sect?$AA@ 0041be8c     BteReport.obj
 0003:00000e94       ??_C@_0CM@DEGNCDNF@?$DMElement?5type?$DN?$CC?$CFs?$CC?5time?$DN?$CC?$CFd?$CC?$DO?5?$CFs@ 0041be94     BteReport.obj
 0003:00000ec8       ??_C@_0DL@JJEPAAH@?$DMcomponent?5name?$DN?$CC?$CFs?$CC?5version?$DN?$CC?$CF0@ 0041bec8     BteReport.obj
 0003:00000f10       ??_C@_0BB@MNAHDNLL@?$CFs?5?9?$DO?5?$CFs?5?3?5?$CFs?5?$CFs?$AA@ 0041bf10     BteReport.obj
 0003:00000f24       ??_C@_0BH@OCCIGMMP@autonumber?5?$CFd?5?$CC?$DMb?$DOt?$DN0?$CC?$AA@ 0041bf24     BteReport.obj
 0003:00000f40       ??_C@_03HOGNJLIC@DUT?$AA@  0041bf40     BteReport.obj
 0003:00000f44       ??_C@_04KKMIJFHM@Appl?$AA@ 0041bf44     BteReport.obj
 0003:00000f4c       ??_C@_0O@BICCIJGG@BteReport?4xml?$AA@ 0041bf4c     BteTestHandler.obj
 0003:00000f5c       ??_C@_09KNGBNPDD@start?4?4?4?6?$AA@ 0041bf5c     BteTestHandler.obj
 0003:00000f68       ??_C@_08MHLGEMGE@?4?4?4done?6?$AA@ 0041bf68     BteTestHandler.obj
 0003:00000f74       ??_C@_04PFAOODAA@?$CFs?3?5?$AA@ 0041bf74     BteTestHandler.obj
 0003:00000f7c       ??_C@_02KNHHEEKP@?5?5?$AA@ 0041bf7c     BteTestHandler.obj
 0003:00000f80       ??_C@_01EEMJAFIK@?6?$AA@   0041bf80     BteTestHandler.obj
 0003:00000f84       ??_C@_0BG@OFGHAECD@?$DMtestgroup?5name?$DN?$CC?$CFs?$CC?$DO?$AA@ 0041bf84     BteTestHandler.obj
 0003:00000fa0       ??_C@_0N@MFKADKKB@?$DM?1testgroup?$DO?$AA@ 0041bfa0     BteTestHandler.obj
 0003:00000fb0       ??_C@_08FHLJJDND@TCASE?9?$CFu?$AA@ 0041bfb0     BteTestHandler.obj
 0003:00000fbc       ??_C@_0BB@FHCPFIGJ@participant?5SchM?$AA@ 0041bfbc     BteTestHandler.obj
 0003:00000fd0       ??_C@_0BB@KMHBAKGI@participant?5EcuM?$AA@ 0041bfd0     BteTestHandler.obj
 0003:00000fe4       ??_C@_0BA@GALEDPJA@participant?5Det?$AA@ 0041bfe4     BteTestHandler.obj
 0003:00000ff8       ??_C@_0BA@PLLEJGII@participant?5Dem?$AA@ 0041bff8     BteTestHandler.obj
 0003:0000100c       ??_C@_0BA@NBFLPOKC@participant?5DUT?$AA@ 0041c00c     BteTestHandler.obj
 0003:00001020       ??_C@_0BB@JBAJIDNB@participant?5Appl?$AA@ 0041c020     BteTestHandler.obj
 0003:00001034       ??_C@_0N@OPHKGACB@hide?5footbox?$AA@ 0041c034     BteTestHandler.obj
 0003:00001044       ??_C@_08NHHIAADM@title?5?$CFs?$AA@ 0041c044     BteTestHandler.obj
 0003:00001050       ??_C@_09NBCEHBLB@?$EAstartuml?$AA@ 0041c050     BteTestHandler.obj
 0003:0000105c       ??_C@_0O@NICLGBGH@Trace_?$CFs?4vuml?$AA@ 0041c05c     BteTestHandler.obj
 0003:0000106c       ??_C@_09EONDMNGD@?$DN?$DN?5RUN?5?$DN?$DN?$AA@ 0041c06c     BteTestHandler.obj
 0003:00001078       ??_C@_0L@EJDBLHCN@?$DN?$DN?5INIT?5?$DN?$DN?$AA@ 0041c078     BteTestHandler.obj
 0003:00001088       ??_C@_07OBCEBCOI@?$EAenduml?$AA@ 0041c088     BteTestHandler.obj
 0003:00001094       ??_C@_09MPALIFNK@?$DN?$DN?5END?5?$DN?$DN?$AA@ 0041c094     BteTestHandler.obj
 0003:000010a0       ??_C@_0FG@GMECGMGD@?$DMtestrun?5date?$DN?$CC?$CF04d?9?$CF02d?9?$CF02d?5?$CF0@ 0041c0a0     BteTestHandler.obj
 0003:00001108       ??_C@_08JMMIJEMM@USERNAME?$AA@ 0041c108     BteTestHandler.obj
 0003:00001114       ??_C@_0CI@DBOLNALN@EmbeddedSystem?4ActiveTestData?4Re@ 0041c114     BteTestHandler.obj
 0003:00001144       ??_C@_0L@KMFGGIKE@?$DM?1testrun?$DO?$AA@ 0041c144     BteTestHandler.obj
 0003:00001154       ??_C@_0BG@JMMPDCLD@?$DMNA_Text?$DO?$CFs?$DM?1NA_Text?$DO?$AA@ 0041c154     BteTestHandler.obj
 0003:00001170       ??_C@_05OFPCCEL@?$DMlog?$DO?$AA@ 0041c170     BteTestHandler.obj
 0003:00001178       ??_C@_06MIHAODIF@?$DM?1log?$DO?$AA@ 0041c178     BteTestHandler.obj
 0003:00001180       ??_C@_0BF@JAAODBKE@?$DN?$DN?5TCASE?5?$CFs?5start?5?$DN?$DN?$AA@ 0041c180     BteTestHandler.obj
 0003:0000119c       ??_C@_0BA@JCOJNILB@?$DMTCASE?5id?$DN?$CC?$CFs?$CC?$DO?$AA@ 0041c19c     BteTestHandler.obj
 0003:000011b0       ??_C@_0BA@NBCILCCO@?$DN?$DN?5TCASE?5end?5?$DN?$DN?$AA@ 0041c1b0     BteTestHandler.obj
 0003:000011c4       ??_C@_08CEEMJIOI@?$DM?1TCASE?$DO?$AA@ 0041c1c4     BteTestHandler.obj
 0003:000011d0       ??_C@_01JOAMLHOP@?9?$AA@   0041c1d0     BteTestHandler.obj
 0003:000011d4       ??_C@_01BIAFAFID@F?$AA@    0041c1d4     BteTestHandler.obj
 0003:000011d8       ??_C@_01ELNMCGJD@W?$AA@    0041c1d8     BteTestHandler.obj
 0003:000011dc       ??_C@_01FJMABOPO@x?$AA@    0041c1dc     BteTestHandler.obj
 0003:000011e0       ??_C@_0BA@FDMEPBKP@?9?9?9?5EXECUTE?5?9?9?9?$AA@ 0041c1e0     BteTestHandler.obj
 0003:000011f4       ??_C@_0BA@CLLMEHJI@?9?9?9?5PREPARE?5?9?9?9?$AA@ 0041c1f4     BteTestHandler.obj
 0003:00001208       ??_C@_0CB@FJDBDOKP@?$DMtestcase?5id?$DN?$CCTCASE?9?$CFu?$CC?5name?$DN?$CC?$CC?$DO@ 0041c208     BteTestHandler.obj
 0003:00001230       ??_C@_0BF@DJBBOHJC@?$DMresult?$DON?1A?$DM?1result?$DO?$AA@ 0041c230     BteTestHandler.obj
 0003:0000124c       ??_C@_0BG@DAIODCII@?$DMresult?$DOwarn?$DM?1result?$DO?$AA@ 0041c24c     BteTestHandler.obj
 0003:00001268       ??_C@_0BG@OONFBPKB@?$DMresult?$DOfail?$DM?1result?$DO?$AA@ 0041c268     BteTestHandler.obj
 0003:00001284       ??_C@_0BB@JNNFBMOC@id?5multiply?5used?$AA@ 0041c284     BteTestHandler.obj
 0003:00001298       ??_C@_0P@BGKHIMNK@id?5not?5defined?$AA@ 0041c298     BteTestHandler.obj
 0003:000012ac       ??_C@_0BP@PJDDEPED@Test?5condition?5failed?5?$CFd?5times?$AA@ 0041c2ac     BteTestHandler.obj
 0003:000012d4       ??_C@_0CA@BEACEBLJ@Test?5condition?5checked?5?$CFd?5times?$AA@ 0041c2d4     BteTestHandler.obj
 0003:00001300       __real@0000000000000000    0041c300     BteTiming.obj
 0003:0000130c       ??_C@_0BD@DJFAIMKP@?$DM?1FunctionRuntime?$DO?$AA@ 0041c30c     BteTiming.obj
 0003:00001328       ??_C@_0FD@IFEFPFAM@?$DMfunction?5name?$DN?$CC?$CFs?$CC?5min?$DN?$CC?$CFd?$CC?5max@ 0041c328     BteTiming.obj
 0003:0000138c       ??_C@_0BC@JFGJFGIO@?$DMFunctionRuntime?$DO?$AA@ 0041c38c     BteTiming.obj
 0003:000013a4       ??_C@_02HCKGKOFO@?$CI?$CJ?$AA@ 0041c3a4     TscAppl.obj
 0003:000013a8       ??_C@_0P@KEDCCHLN@Mip_InitMemory?$AA@ 0041c3a8     TscAppl.obj
 0003:000013bc       ??_C@_08GKHACIMN@Mip_Init?$AA@ 0041c3bc     TscAppl.obj
 0003:000013c8       ??_C@_0BB@KJKIDIHB@Mip_MainFunction?$AA@ 0041c3c8     TscAppl.obj
 0003:000013dc       ??_C@_0BD@CIAEIEEB@Mip_GetVersionInfo?$AA@ 0041c3dc     TscAppl.obj
 0003:000013f4       ??_C@_03FEICPDKI@Dem?$AA@  0041c3f4     TscDem.obj
 0003:000013f8       ??_C@_0BN@BGKFCCML@?$CIEventId?$DN?$CFd?0?5EventStatus?$DN?$CFd?$CJ?$AA@ 0041c3f8     TscDem.obj
 0003:0000141c       ??_C@_0BG@KKPNMG@Dem_ReportErrorStatus?$AA@ 0041c41c     TscDem.obj
 0003:00001438       ??_C@_03MPICFKLA@Det?$AA@  0041c438     TscDet.obj
 0003:0000143c       ??_C@_09ECMDGFLF@DET?5Error?$AA@ 0041c43c     TscDet.obj
 0003:00001448       ??_C@_0DD@LHIACOPA@?$CIModuleId?$DN?$CFd?0?5InstanceId?$DN?$CFd?0?5Api@ 0041c448     TscDet.obj
 0003:00001488       ??_C@_0BA@HELKKLHK@Det_ReportError?$AA@ 0041c488     TscDet.obj
 0003:0000149c       ??_C@_04JHLABMMF@EcuM?$AA@ 0041c49c     TscEcuM.obj
 0003:000014a4       ??_C@_0BG@CBEGAAEL@?$CImodule?$DN?$CFd?0?5error?$DN?$CFd?$CJ?$AA@ 0041c4a4     TscEcuM.obj
 0003:000014c0       ??_C@_0CB@NILAPMDN@EcuM_GeneratorCompatibilityError@ 0041c4c0     TscEcuM.obj
 0003:000014e8       ??_C@_03NPPMCJFK@Mip?$AA@  0041c4e8     TscMip.obj
 0003:000014ec       ??_C@_0M@DHIDFMAH@Mip_SampleA?$AA@ 0041c4ec     TscMip.obj
 0003:000014fc       ??_C@_0M@FPMPBPIG@?$CIhandle?$DN?$CFd?$CJ?$AA@ 0041c4fc     TscMip.obj
 0003:0000150c       ??_C@_0M@BMKOAPME@Mip_SampleB?$AA@ 0041c50c     TscMip.obj
 0003:0000151c       ??_C@_0BG@OEOBKLGB@?$CIhandle?$DN?$CFd?0?5value?$DN?$CFd?$CJ?$AA@ 0041c51c     TscMip.obj
 0003:00001538       ??_C@_0M@FLFDOIF@Mip_SampleC?$AA@ 0041c538     TscMip.obj
 0003:00001548       ??_C@_0BE@NLPMLKI@?$CIhandle?$DN?$CFd?0?5ptr?$DN?$CFd?$CJ?$AA@ 0041c548     TscMip.obj
 0003:00001560       ??_C@_0M@EKPEKIEC@Mip_SampleD?$AA@ 0041c560     TscMip.obj
 0003:00001570       ??_C@_0BB@FHILKLLP@?$CIversioninfo?$DN?$CFd?$CJ?$AA@ 0041c570     TscMip.obj
 0003:00001584       ??_C@_0P@NJOHIHOC@?$CIConfigPtr?$DN?$CFd?$CJ?$AA@ 0041c584     TscMip.obj
 0003:00001598       ??_C@_0L@BJKPEJJB@Mip_UnInit?$AA@ 0041c598     TscMip.obj
 0003:000015a5       _MIP_EXCLUSIVE_AREA_0      0041c5a5     TscSchM.obj
 0003:000015a6       _MIP_EXCLUSIVE_AREA_1      0041c5a6     TscSchM.obj
 0003:000015a8       ??_C@_04GMOOEOME@SchM?$AA@ 0041c5a8     TscSchM.obj
 0003:000015b0       ??_C@_07IGMDIMEE@My?5Text?$AA@ 0041c5b0     TscTest.obj
 0003:000015bc       ??_C@_07BCIGLFFM@MyError?$AA@ 0041c5bc     TscTest.obj
 0003:000015c8       ??_C@_0L@NBCDPGH@Ok?5message?$AA@ 0041c5c8     TscTest.obj
 0003:000015d8       ??_C@_0N@JDMOFHDP@DebugMessage?$AA@ 0041c5d8     TscTest.obj
 0003:000015e8       ??_C@_08DCCHEKFN@test?4bin?$AA@ 0041c5e8     TscTest.obj
 0003:000015f4       ??_C@_03LABEMFEH@API?$AA@  0041c5f4     TscTest.obj
 0003:000015f8       ??_C@_0L@KHOPIMBL@Variant?5?$CFd?$AA@ 0041c5f8     TscTest.obj
 0003:00001608       ??_C@_08HLKCDBOA@vendorID?$AA@ 0041c608     TscTest.obj
 0003:00001614       ??_C@_0BB@PEOJHIEE@sw_patch_version?$AA@ 0041c614     TscTest.obj
 0003:00001628       ??_C@_0BB@KDBLGBGF@sw_minor_version?$AA@ 0041c628     TscTest.obj
 0003:0000163c       ??_C@_0BB@PKBOIJHH@sw_major_version?$AA@ 0041c63c     TscTest.obj
 0003:00001650       ??_C@_08CCGDGKAC@moduleID?$AA@ 0041c650     TscTest.obj
 0003:0000165c       ??_C@_0BG@DDCIBDOH@There?5is?5no?5DET?5entry?$AA@ 0041c65c     TscTest.obj
 0003:00001678       ??_C@_0BE@BEMHMDDE@?9?9?9?5valid?5parameter?$AA@ 0041c678     TscTest.obj
 0003:00001690       ??_C@_0DG@GDFBGJNM@There?5is?5a?5DET?5entry?5for?5MIP?5mod@ 0041c690     TscTest.obj
 0003:000016d0       ??_C@_0BF@KCCKHECF@There?5is?5a?5DET?5entry?$AA@ 0041c6d0     TscTest.obj
 0003:000016ec       ??_C@_0BH@GFCKAKJE@My?5Sample?5Justificatio?$AA@ 0041c6ec     TscTest.obj
 0003:00001708       ??_C@_0BG@GMBLKLOK@?9?9?9?5invalid?5parameter?$AA@ 0041c708     TscTest.obj
 0003:00001728       ??_C@_1GA@EHAKPACL@?$AAf?$AA?3?$AA?2?$AAd?$AAd?$AA?2?$AAv?$AAc?$AAt?$AAo?$AAo?$AAl?$AAs?$AA?2?$AAc?$AAr?$AAt?$AA_?$AAb?$AAl?$AAd?$AA?2?$AAs?$AAe?$AAl?$AAf?$AA_?$AAx?$AA8?$AA6?$AA?2?$AAc@ 0041c728     MSVCRTD:crtexe.obj
 0003:000017a0       ??_C@_1FA@DALEHHGL@?$AA_?$AA_?$AAn?$AAa?$AAt?$AAi?$AAv?$AAe?$AA_?$AAs?$AAt?$AAa?$AAr?$AAt?$AAu?$AAp?$AA_?$AAs?$AAt?$AAa?$AAt?$AAe?$AA?5?$AA?$DN?$AA?$DN?$AA?5?$AA_?$AA_?$AAi?$AAn?$AAi?$AAt@ 0041c7a0     MSVCRTD:crtexe.obj
 0003:0000180c       ?ProcessDetach@NativeDll@<CrtImplementationDetails>@@0IB 0041c80c     MSVCRTD:unhandld.obj
 0003:00001810       ?ProcessAttach@NativeDll@<CrtImplementationDetails>@@0IB 0041c810     MSVCRTD:unhandld.obj
 0003:00001814       ?ThreadAttach@NativeDll@<CrtImplementationDetails>@@0IB 0041c814     MSVCRTD:unhandld.obj
 0003:00001818       ?ThreadDetach@NativeDll@<CrtImplementationDetails>@@0IB 0041c818     MSVCRTD:unhandld.obj
 0003:0000181c       ?ProcessVerifier@NativeDll@<CrtImplementationDetails>@@0IB 0041c81c     MSVCRTD:unhandld.obj
 0003:00001820       ??_C@_1GE@KOCFNGPB@?$AA_?$AAc?$AAo?$AAn?$AAt?$AAr?$AAo?$AAl?$AAf?$AAp?$AA_?$AAs?$AA?$CI?$AA?$CI?$AA?$CI?$AAv?$AAo?$AAi?$AAd?$AA?5?$AA?$CK?$AA?$CJ?$AA0?$AA?$CJ?$AA?0?$AA?5?$AA0?$AAx?$AA0?$AA0?$AA0?$AA1@ 0041c820     MSVCRTD:fp8.obj
 0003:00001898       ??_C@_1CK@JMKHCBEI@?$AA_?$AAs?$AAe?$AAt?$AAd?$AAe?$AAf?$AAa?$AAu?$AAl?$AAt?$AAp?$AAr?$AAe?$AAc?$AAi?$AAs?$AAi?$AAo?$AAn?$AA?$AA@ 0041c898     MSVCRTD:fp8.obj
 0003:000018d0       ??_C@_1GG@PHGJJHBC@?$AAf?$AA?3?$AA?2?$AAd?$AAd?$AA?2?$AAv?$AAc?$AAt?$AAo?$AAo?$AAl?$AAs?$AA?2?$AAc?$AAr?$AAt?$AA_?$AAb?$AAl?$AAd?$AA?2?$AAs?$AAe?$AAl?$AAf?$AA_?$AAx?$AA8?$AA6?$AA?2?$AAc@ 0041c8d0     MSVCRTD:fp8.obj
 0003:00001c64       ___rtc_iaa                 0041cc64     MSVCRTD:_initsect_.obj
 0003:00001d68       ___rtc_izz                 0041cd68     MSVCRTD:_initsect_.obj
 0003:00001e6c       ___rtc_taa                 0041ce6c     MSVCRTD:_initsect_.obj
 0003:00001f70       ___rtc_tzz                 0041cf70     MSVCRTD:_initsect_.obj
 0004:00000000       _Mip_LinktimeCRC_Linktime  0041e000     Mip_Lcfg.obj
 0004:00000004       _Sample                    0041e004     Mip_Lcfg.obj
 0004:00000009       _SampleSize                0041e009     Mip_Lcfg.obj
 0004:0000000a       _SampleSize2               0041e00a     Mip_Lcfg.obj
 0004:0000000b       _Mip_ChannelCount          0041e00b     Mip_Lcfg.obj
 0004:0000000c       _Sample2                   0041e00c     Mip_Lcfg.obj
 0004:00000014       _Mip_ChannelSpecificRomConstant 0041e014     Mip_Lcfg.obj
 0004:0000001c       _Mip_ChannelConfig_Ch0     0041e01c     Mip_Pbcfg.obj
 0004:00000024       _Mip_ConfigStruct          0041e024     Mip_Pbcfg.obj
 0004:00000034       ___security_cookie         0041e034     MSVCRTD:gs_cookie.obj
 0004:00000038       ___security_cookie_complement 0041e038     MSVCRTD:gs_cookie.obj
 0004:00000040       ___globallocalestatus      0041e040     MSVCRTD:xthdloc.obj
 0004:00000044       ___defaultmatherr          0041e044     MSVCRTD:merr.obj
 0004:00000048       ___native_dllmain_reason   0041e048     MSVCRTD:natstart.obj
 0004:0000004c       ___native_vcclrit_reason   0041e04c     MSVCRTD:natstart.obj
 0004:0000cc2c       __commode                  0042ac2c     MSVCRTD:xncommod.obj
 0004:0000cc30       __fmode                    0042ac30     MSVCRTD:xtxtmode.obj
 0004:0000cc34       __dowildcard               0042ac34     MSVCRTD:wildcard.obj
 0004:0000cc38       __newmode                  0042ac38     MSVCRTD:_newmode.obj
 0004:0000cc40       _text                      0042ac40     <common>
 0004:0000ccc0       _bteLog_StdReturnType2String_string 0042acc0     <common>
 0004:0000cce0       _Mip_ChannelSpecificRamVariable 0042ace0     <common>
 0004:0000ccec       ___native_startup_state    0042acec     <common>
 0004:0000ccfc       ___native_startup_lock     0042acfc     <common>
 0004:0000cd00       ___onexitend               0042ad00     <common>
 0004:0000cd10       ___onexitbegin             0042ad10     <common>
 0004:0000cd14       __NoHeapEnableTerminationOnCorruption 0042ad14     <common>
 0004:0000cd18       ___dyn_tls_init_callback   0042ad18     <common>
 0005:00000000       __IMPORT_DESCRIPTOR_KERNEL32 0042b000     kernel32:KERNEL32.dll
 0005:00000014       __IMPORT_DESCRIPTOR_MSVCR100D 0042b014     MSVCRTD:MSVCR100D.dll
 0005:00000028       __NULL_IMPORT_DESCRIPTOR   0042b028     kernel32:KERNEL32.dll
 0005:00000188       __imp__GetLocalTime@4      0042b188     kernel32:KERNEL32.dll
 0005:0000018c       __imp__QueryPerformanceFrequency@4 0042b18c     kernel32:KERNEL32.dll
 0005:00000190       __imp__QueryPerformanceCounter@4 0042b190     kernel32:KERNEL32.dll
 0005:00000194       __imp__GetCurrentProcessId@0 0042b194     kernel32:KERNEL32.dll
 0005:00000198       __imp__GetCurrentThreadId@0 0042b198     kernel32:KERNEL32.dll
 0005:0000019c       __imp__GetTickCount@0      0042b19c     kernel32:KERNEL32.dll
 0005:000001a0       __imp__DecodePointer@4     0042b1a0     kernel32:KERNEL32.dll
 0005:000001a4       __imp__IsDebuggerPresent@0 0042b1a4     kernel32:KERNEL32.dll
 0005:000001a8       __imp__SetUnhandledExceptionFilter@4 0042b1a8     kernel32:KERNEL32.dll
 0005:000001ac       __imp__UnhandledExceptionFilter@4 0042b1ac     kernel32:KERNEL32.dll
 0005:000001b0       __imp__GetCurrentProcess@0 0042b1b0     kernel32:KERNEL32.dll
 0005:000001b4       __imp__TerminateProcess@8  0042b1b4     kernel32:KERNEL32.dll
 0005:000001b8       __imp__HeapSetInformation@16 0042b1b8     kernel32:KERNEL32.dll
 0005:000001bc       __imp__InterlockedCompareExchange@12 0042b1bc     kernel32:KERNEL32.dll
 0005:000001c0       __imp__Sleep@4             0042b1c0     kernel32:KERNEL32.dll
 0005:000001c4       __imp__InterlockedExchange@8 0042b1c4     kernel32:KERNEL32.dll
 0005:000001c8       __imp__EncodePointer@4     0042b1c8     kernel32:KERNEL32.dll
 0005:000001cc       __imp__GetSystemTimeAsFileTime@4 0042b1cc     kernel32:KERNEL32.dll
 0005:000001d0       \177KERNEL32_NULL_THUNK_DATA 0042b1d0     kernel32:KERNEL32.dll
 0005:00000208       __imp____getmainargs       0042b208     MSVCRTD:MSVCR100D.dll
 0005:0000020c       __imp___exit               0042b20c     MSVCRTD:MSVCR100D.dll
 0005:00000210       __imp___XcptFilter         0042b210     MSVCRTD:MSVCR100D.dll
 0005:00000214       __imp___cexit              0042b214     MSVCRTD:MSVCR100D.dll
 0005:00000218       __imp__exit                0042b218     MSVCRTD:MSVCR100D.dll
 0005:0000021c       __imp____initenv           0042b21c     MSVCRTD:MSVCR100D.dll
 0005:00000220       __imp___CrtSetCheckCount   0042b220     MSVCRTD:MSVCR100D.dll
 0005:00000224       __imp___CrtDbgReportW      0042b224     MSVCRTD:MSVCR100D.dll
 0005:00000228       __imp___amsg_exit          0042b228     MSVCRTD:MSVCR100D.dll
 0005:0000022c       __imp___initterm_e         0042b22c     MSVCRTD:MSVCR100D.dll
 0005:00000230       __imp___crt_debugger_hook  0042b230     MSVCRTD:MSVCR100D.dll
 0005:00000234       __imp_?terminate@@YAXXZ    0042b234     MSVCRTD:MSVCR100D.dll
 0005:00000238       __imp___controlfp_s        0042b238     MSVCRTD:MSVCR100D.dll
 0005:0000023c       __imp___invoke_watson      0042b23c     MSVCRTD:MSVCR100D.dll
 0005:00000240       __imp___unlock             0042b240     MSVCRTD:MSVCR100D.dll
 0005:00000244       __imp____dllonexit         0042b244     MSVCRTD:MSVCR100D.dll
 0005:00000248       __imp___lock               0042b248     MSVCRTD:MSVCR100D.dll
 0005:0000024c       __imp___onexit             0042b24c     MSVCRTD:MSVCR100D.dll
 0005:00000250       __imp___except_handler4_common 0042b250     MSVCRTD:MSVCR100D.dll
 0005:00000254       __imp____set_app_type      0042b254     MSVCRTD:MSVCR100D.dll
 0005:00000258       __imp___fmode              0042b258     MSVCRTD:MSVCR100D.dll
 0005:0000025c       __imp___commode            0042b25c     MSVCRTD:MSVCR100D.dll
 0005:00000260       __imp____setusermatherr    0042b260     MSVCRTD:MSVCR100D.dll
 0005:00000264       __imp___configthreadlocale 0042b264     MSVCRTD:MSVCR100D.dll
 0005:00000268       __imp__getenv              0042b268     MSVCRTD:MSVCR100D.dll
 0005:0000026c       __imp__printf              0042b26c     MSVCRTD:MSVCR100D.dll
 0005:00000270       __imp__fscanf              0042b270     MSVCRTD:MSVCR100D.dll
 0005:00000274       __imp__fprintf             0042b274     MSVCRTD:MSVCR100D.dll
 0005:00000278       __imp__strlen              0042b278     MSVCRTD:MSVCR100D.dll
 0005:0000027c       __imp__fopen               0042b27c     MSVCRTD:MSVCR100D.dll
 0005:00000280       __imp__fwrite              0042b280     MSVCRTD:MSVCR100D.dll
 0005:00000284       __imp__fclose              0042b284     MSVCRTD:MSVCR100D.dll
 0005:00000288       __imp__sprintf             0042b288     MSVCRTD:MSVCR100D.dll
 0005:0000028c       __imp___initterm           0042b28c     MSVCRTD:MSVCR100D.dll
 0005:00000290       \177MSVCR100D_NULL_THUNK_DATA 0042b290     MSVCRTD:MSVCR100D.dll

 entry point at        0002:0000031b

